2025-03-29 04:10:27,349 - INFO - Creating /root/gensim-data
2025-03-29 04:11:13,255 - INFO - glove-wiki-gigaword-300 downloaded
2025-03-29 04:11:13,258 - INFO - loading projection weights from /root/gensim-data/glove-wiki-gigaword-300/glove-wiki-gigaword-300.gz
2025-03-29 04:12:21,805 - INFO - KeyedVectors lifecycle event {'msg': 'loaded (400000, 300) matrix of type float32 from /root/gensim-data/glove-wiki-gigaword-300/glove-wiki-gigaword-300.gz', 'binary': False, 'encoding': 'utf8', 'datetime': '2025-03-29T04:12:21.805830', 'gensim': '4.3.3', 'python': '3.10.12 (main, Nov  6 2024, 20:22:13) [GCC 11.4.0]', 'platform': 'Linux-6.6.56+-x86_64-with-glibc2.35', 'event': 'load_word2vec_format'}
2025-03-29 04:12:58,355 - INFO - 
🔎 Running feature extraction and model training loop...

2025-03-29 04:12:58,356 - INFO - 
🚀 Training decision_tree models...

2025-03-29 04:12:58,357 - INFO - 🔎 Training with Method: count...
2025-03-29 04:12:58,358 - INFO - 🚀 Training new model: DecisionTreeClassifier...
2025-03-29 04:14:04,909 - INFO - Best hyperparameters: {'criterion': 'entropy', 'max_depth': 40, 'max_features': 'sqrt', 'min_samples_leaf': 4, 'min_samples_split': 10}
2025-03-29 04:14:04,910 - INFO - 
🎯 Running K-Fold Cross-Validation...
2025-03-29 04:14:05,850 - INFO - 📊 Average Accuracy: 63%
2025-03-29 04:14:05,851 - INFO - 📊 Average ROC AUC: 62%
2025-03-29 04:14:05,852 - INFO - 📊 Average F1 Score: 69%
2025-03-29 04:14:05,854 - INFO - 📊 Average Precision: 60%
2025-03-29 04:14:05,854 - INFO - 📊 Average Recall: 82%
2025-03-29 04:14:05,999 - INFO - 💾 Model saved to best_decision_tree_count.pkl
2025-03-29 04:14:06,269 - INFO - 📈 Plot saved to best_decision_tree_count.png
2025-03-29 04:14:06,429 - INFO - 📉 Loss plot saved to best_decision_tree_count_loss.png
2025-03-29 04:14:06,430 - INFO - 🔎 Training with Method: glove...
2025-03-29 04:14:06,430 - INFO - 🚀 Training new model: DecisionTreeClassifier...
2025-03-29 04:33:57,181 - INFO - Best hyperparameters: {'criterion': 'entropy', 'max_depth': 10, 'max_features': 'sqrt', 'min_samples_leaf': 1, 'min_samples_split': 5}
2025-03-29 04:33:57,183 - INFO - 
🎯 Running K-Fold Cross-Validation...
2025-03-29 04:34:06,792 - INFO - 📊 Average Accuracy: 60%
2025-03-29 04:34:06,793 - INFO - 📊 Average ROC AUC: 60%
2025-03-29 04:34:06,793 - INFO - 📊 Average F1 Score: 62%
2025-03-29 04:34:06,794 - INFO - 📊 Average Precision: 61%
2025-03-29 04:34:06,796 - INFO - 📊 Average Recall: 62%
2025-03-29 04:34:09,022 - INFO - 💾 Model saved to best_decision_tree_glove.pkl
2025-03-29 04:34:09,180 - INFO - 📈 Plot saved to best_decision_tree_glove.png
2025-03-29 04:34:09,328 - INFO - 📉 Loss plot saved to best_decision_tree_glove_loss.png
2025-03-29 04:34:09,329 - INFO - 
🚀 Training random_forest models...

2025-03-29 04:34:09,330 - INFO - 🔎 Training with Method: count...
2025-03-29 04:34:09,331 - INFO - 🚀 Training new model: RandomForestClassifier...
2025-03-29 04:35:31,605 - INFO - Best hyperparameters: {'max_depth': 10, 'max_features': 'log2', 'min_samples_leaf': 1, 'min_samples_split': 2, 'n_estimators': 100}
2025-03-29 04:35:31,606 - INFO - 
🎯 Running K-Fold Cross-Validation...
2025-03-29 04:35:42,700 - INFO - 📊 Average Accuracy: 64%
2025-03-29 04:35:42,701 - INFO - 📊 Average ROC AUC: 63%
2025-03-29 04:35:42,702 - INFO - 📊 Average F1 Score: 71%
2025-03-29 04:35:42,703 - INFO - 📊 Average Precision: 60%
2025-03-29 04:35:42,704 - INFO - 📊 Average Recall: 88%
2025-03-29 04:35:44,755 - INFO - 💾 Model saved to best_random_forest_count.pkl
2025-03-29 04:35:44,912 - INFO - 📈 Plot saved to best_random_forest_count.png
2025-03-29 04:35:45,062 - INFO - 📉 Loss plot saved to best_random_forest_count_loss.png
2025-03-29 04:35:45,062 - INFO - 🔎 Training with Method: glove...
2025-03-29 04:35:45,063 - INFO - 🚀 Training new model: RandomForestClassifier...
2025-03-29 05:20:23,166 - INFO - Best hyperparameters: {'max_depth': 10, 'max_features': 'sqrt', 'min_samples_leaf': 1, 'min_samples_split': 5, 'n_estimators': 100}
2025-03-29 05:20:23,167 - INFO - 
🎯 Running K-Fold Cross-Validation...
2025-03-29 05:27:43,169 - INFO - 📊 Average Accuracy: 69%
2025-03-29 05:27:43,170 - INFO - 📊 Average ROC AUC: 69%
2025-03-29 05:27:43,171 - INFO - 📊 Average F1 Score: 70%
2025-03-29 05:27:43,172 - INFO - 📊 Average Precision: 69%
2025-03-29 05:27:43,173 - INFO - 📊 Average Recall: 72%
2025-03-29 05:29:32,226 - INFO - 💾 Model saved to best_random_forest_glove.pkl
2025-03-29 05:29:32,382 - INFO - 📈 Plot saved to best_random_forest_glove.png
2025-03-29 05:29:32,527 - INFO - 📉 Loss plot saved to best_random_forest_glove_loss.png
2025-03-29 05:29:32,529 - INFO - 
🚀 Training xgboost models...

2025-03-29 05:29:32,530 - INFO - 🔎 Training with Method: count...
2025-03-29 05:29:32,531 - INFO - 🚀 Training new model: XGBClassifier...
2025-03-29 05:30:45,680 - INFO - Best hyperparameters: {'learning_rate': 0.1, 'max_depth': 10, 'n_estimators': 150}
2025-03-29 05:30:45,681 - INFO - 
🎯 Running K-Fold Cross-Validation...
2025-03-29 05:30:54,528 - INFO - 📊 Average Accuracy: 66%
2025-03-29 05:30:54,529 - INFO - 📊 Average ROC AUC: 65%
2025-03-29 05:30:54,530 - INFO - 📊 Average F1 Score: 70%
2025-03-29 05:30:54,530 - INFO - 📊 Average Precision: 64%
2025-03-29 05:30:54,531 - INFO - 📊 Average Recall: 78%
2025-03-29 05:30:55,833 - INFO - 💾 Model saved to best_xgboost_count.pkl
2025-03-29 05:30:55,994 - INFO - 📈 Plot saved to best_xgboost_count.png
2025-03-29 05:30:56,137 - INFO - 📉 Loss plot saved to best_xgboost_count_loss.png
2025-03-29 05:30:56,138 - INFO - 🔎 Training with Method: glove...
2025-03-29 05:30:56,139 - INFO - 🚀 Training new model: XGBClassifier...
2025-03-29 09:27:00,665 - INFO - Best hyperparameters: {'learning_rate': 0.1, 'max_depth': 10, 'n_estimators': 150}
2025-03-29 09:27:00,666 - INFO - 
🎯 Running K-Fold Cross-Validation...
2025-03-29 09:35:09,201 - INFO - 📊 Average Accuracy: 71%
2025-03-29 09:35:09,202 - INFO - 📊 Average ROC AUC: 71%
2025-03-29 09:35:09,202 - INFO - 📊 Average F1 Score: 72%
2025-03-29 09:35:09,204 - INFO - 📊 Average Precision: 71%
2025-03-29 09:35:09,205 - INFO - 📊 Average Recall: 73%
2025-03-29 09:36:55,429 - INFO - 💾 Model saved to best_xgboost_glove.pkl
2025-03-29 09:36:55,587 - INFO - 📈 Plot saved to best_xgboost_glove.png
2025-03-29 09:36:55,729 - INFO - 📉 Loss plot saved to best_xgboost_glove_loss.png
2025-03-29 09:36:55,731 - INFO - 
🚀 Training bayesian models...

2025-03-29 09:36:55,732 - INFO - 🔎 Training with Method: count...
2025-03-29 09:36:55,734 - INFO - 🚀 Training new model: GaussianNB...
2025-03-29 09:37:13,787 - INFO - Best hyperparameters: {'priors': [0.3, 0.7], 'var_smoothing': 1e-09}
2025-03-29 09:37:13,788 - INFO - 
🎯 Running K-Fold Cross-Validation...
2025-03-29 09:37:15,282 - INFO - 📊 Average Accuracy: 65%
2025-03-29 09:37:15,283 - INFO - 📊 Average ROC AUC: 64%
2025-03-29 09:37:15,284 - INFO - 📊 Average F1 Score: 69%
2025-03-29 09:37:15,284 - INFO - 📊 Average Precision: 62%
2025-03-29 09:37:15,285 - INFO - 📊 Average Recall: 77%
2025-03-29 09:37:15,450 - INFO - 💾 Model saved to best_bayesian_count.pkl
2025-03-29 09:37:15,592 - INFO - 📈 Plot saved to best_bayesian_count.png
2025-03-29 09:37:15,733 - INFO - 📉 Loss plot saved to best_bayesian_count_loss.png
2025-03-29 09:37:15,734 - INFO - 🔎 Training with Method: glove...
2025-03-29 09:37:15,734 - INFO - 🚀 Training new model: GaussianNB...
2025-03-29 09:38:01,788 - INFO - Best hyperparameters: {'priors': [0.05, 0.95], 'var_smoothing': 1e-09}
2025-03-29 09:38:01,789 - INFO - 
🎯 Running K-Fold Cross-Validation...
2025-03-29 09:38:05,703 - INFO - 📊 Average Accuracy: 61%
2025-03-29 09:38:05,705 - INFO - 📊 Average ROC AUC: 62%
2025-03-29 09:38:05,706 - INFO - 📊 Average F1 Score: 61%
2025-03-29 09:38:05,707 - INFO - 📊 Average Precision: 63%
2025-03-29 09:38:05,707 - INFO - 📊 Average Recall: 60%
2025-03-29 09:38:06,069 - INFO - 💾 Model saved to best_bayesian_glove.pkl
2025-03-29 09:38:06,212 - INFO - 📈 Plot saved to best_bayesian_glove.png
2025-03-29 09:38:06,354 - INFO - 📉 Loss plot saved to best_bayesian_glove_loss.png
2025-03-29 09:38:06,355 - INFO - 
🚀 Training logistic_regression models...

2025-03-29 09:38:06,356 - INFO - 🔎 Training with Method: count...
2025-03-29 09:38:06,357 - INFO - 🚀 Training new model: LogisticRegression...
2025-03-29 09:38:25,135 - INFO - Best hyperparameters: {'C': 0.1, 'max_iter': 1000, 'penalty': 'l2'}
2025-03-29 09:38:25,136 - INFO - 
🎯 Running K-Fold Cross-Validation...
2025-03-29 09:38:26,823 - INFO - 📊 Average Accuracy: 65%
2025-03-29 09:38:26,824 - INFO - 📊 Average ROC AUC: 65%
2025-03-29 09:38:26,825 - INFO - 📊 Average F1 Score: 69%
2025-03-29 09:38:26,826 - INFO - 📊 Average Precision: 63%
2025-03-29 09:38:26,826 - INFO - 📊 Average Recall: 77%
2025-03-29 09:38:27,112 - INFO - 💾 Model saved to best_logistic_regression_count.pkl
2025-03-29 09:38:27,268 - INFO - 📈 Plot saved to best_logistic_regression_count.png
2025-03-29 09:38:27,425 - INFO - 📉 Loss plot saved to best_logistic_regression_count_loss.png
2025-03-29 09:38:27,425 - INFO - 🔎 Training with Method: glove...
2025-03-29 09:38:27,426 - INFO - 🚀 Training new model: LogisticRegression...
2025-03-29 09:42:43,860 - INFO - Best hyperparameters: {'C': 1.0, 'max_iter': 1000, 'penalty': 'l2'}
2025-03-29 09:42:43,861 - INFO - 
🎯 Running K-Fold Cross-Validation...
2025-03-29 09:43:04,702 - INFO - 📊 Average Accuracy: 71%
2025-03-29 09:43:04,703 - INFO - 📊 Average ROC AUC: 71%
2025-03-29 09:43:04,703 - INFO - 📊 Average F1 Score: 72%
2025-03-29 09:43:04,704 - INFO - 📊 Average Precision: 71%
2025-03-29 09:43:04,705 - INFO - 📊 Average Recall: 73%
2025-03-29 09:43:09,411 - INFO - 💾 Model saved to best_logistic_regression_glove.pkl
2025-03-29 09:43:09,575 - INFO - 📈 Plot saved to best_logistic_regression_glove.png
2025-03-29 09:43:09,712 - INFO - 📉 Loss plot saved to best_logistic_regression_glove_loss.png
2025-03-29 09:43:14,357 - INFO - 🔎 Predicting with Model: decision_tree, Method: count...
2025-03-29 09:43:14,365 - INFO - ❌ Error while predicting for decision_tree with count: X has 103 features, but DecisionTreeClassifier is expecting 106 features as input.
2025-03-29 09:43:14,366 - INFO - 🔎 Predicting with Model: decision_tree, Method: glove...
2025-03-29 09:43:14,442 - INFO - Model: decision_tree
2025-03-29 09:43:14,442 - INFO - Method: glove
2025-03-29 09:43:14,443 - INFO - --------------------------------------------------
2025-03-29 09:43:14,444 - INFO - Accuracy: 0.6124
2025-03-29 09:43:14,444 - INFO - Precision: 0.6215
2025-03-29 09:43:14,445 - INFO - Recall: 0.6286
2025-03-29 09:43:14,446 - INFO - F1 Score: 0.6250
2025-03-29 09:43:14,446 - INFO - ROC AUC: 0.6528384764345836
2025-03-29 09:43:14,447 - INFO - 
🔬 Classification Report:
2025-03-29 09:43:14,489 - INFO -               precision    recall  f1-score   support

    negative       0.60      0.60      0.60      9723
    positive       0.62      0.63      0.62     10277

    accuracy                           0.61     20000
   macro avg       0.61      0.61      0.61     20000
weighted avg       0.61      0.61      0.61     20000

2025-03-29 09:43:14,490 - INFO - %%%%%%%%%%%%%%%%%%%%%%%%%%%%%%%%%%%%%%%%%%%%%%%%%%
2025-03-29 09:43:14,490 - INFO - %%%%%%%%%%%%%%%%%%%%%%%%%%%%%%%%%%%%%%%%%%%%%%%%%%
2025-03-29 09:43:14,491 - INFO - 🔎 Predicting with Model: random_forest, Method: count...
2025-03-29 09:43:14,528 - INFO - ❌ Error while predicting for random_forest with count: X has 103 features, but RandomForestClassifier is expecting 106 features as input.
2025-03-29 09:43:14,529 - INFO - 🔎 Predicting with Model: random_forest, Method: glove...
2025-03-29 09:43:15,275 - INFO - Model: random_forest
2025-03-29 09:43:15,276 - INFO - Method: glove
2025-03-29 09:43:15,277 - INFO - --------------------------------------------------
2025-03-29 09:43:15,278 - INFO - Accuracy: 0.6901
2025-03-29 09:43:15,279 - INFO - Precision: 0.6876
2025-03-29 09:43:15,280 - INFO - Recall: 0.7274
2025-03-29 09:43:15,281 - INFO - F1 Score: 0.7069
2025-03-29 09:43:15,283 - INFO - ROC AUC: 0.764926680592752
2025-03-29 09:43:15,283 - INFO - 
🔬 Classification Report:
2025-03-29 09:43:15,325 - INFO -               precision    recall  f1-score   support

    negative       0.69      0.65      0.67      9723
    positive       0.69      0.73      0.71     10277

    accuracy                           0.69     20000
   macro avg       0.69      0.69      0.69     20000
weighted avg       0.69      0.69      0.69     20000

2025-03-29 09:43:15,325 - INFO - %%%%%%%%%%%%%%%%%%%%%%%%%%%%%%%%%%%%%%%%%%%%%%%%%%
2025-03-29 09:43:15,326 - INFO - %%%%%%%%%%%%%%%%%%%%%%%%%%%%%%%%%%%%%%%%%%%%%%%%%%
2025-03-29 09:43:15,326 - INFO - 🔎 Predicting with Model: xgboost, Method: count...
2025-03-29 09:43:15,344 - INFO - ❌ Error while predicting for xgboost with count: feature_names mismatch: ['0', '1', '2', '3', '4', '5', '6', '7', '8', '9', '10', '11', '12', '13', '14', '15', '16', '17', '18', '19', '20', '21', '22', '23', '24', '25', '26', '27', '28', '29', '30', '31', '32', '33', '34', '35', '36', '37', '38', '39', '40', '41', '42', '43', '44', '45', '46', '47', '48', '49', '50', '51', '52', '53', '54', '55', '56', '57', '58', '59', '60', '61', '62', '63', '64', '65', '66', '67', '68', '69', '70', '71', '72', '73', '74', '75', '76', '77', '78', '79', '80', '81', '82', '83', '84', '85', '86', '87', '88', '89', '90', '91', '92', '93', '94', '95', '96', '97', '98', '99', '100', '101', '102', '103', '104', '105'] ['0', '1', '2', '3', '4', '5', '6', '7', '8', '9', '10', '11', '12', '13', '14', '15', '16', '17', '18', '19', '20', '21', '22', '23', '24', '25', '26', '27', '28', '29', '30', '31', '32', '33', '34', '35', '36', '37', '38', '39', '40', '41', '42', '43', '44', '45', '46', '47', '48', '49', '50', '51', '52', '53', '54', '55', '56', '57', '58', '59', '60', '61', '62', '63', '64', '65', '66', '67', '68', '69', '70', '71', '72', '73', '74', '75', '76', '77', '78', '79', '80', '81', '82', '83', '84', '85', '86', '87', '88', '89', '90', '91', '92', '93', '94', '95', '96', '97', '98', '99', '100', '101', '102']
expected 105, 104, 103 in input data
2025-03-29 09:43:15,344 - INFO - 🔎 Predicting with Model: xgboost, Method: glove...
2025-03-29 09:43:15,676 - INFO - Model: xgboost
2025-03-29 09:43:15,677 - INFO - Method: glove
2025-03-29 09:43:15,678 - INFO - --------------------------------------------------
2025-03-29 09:43:15,679 - INFO - Accuracy: 0.7198
2025-03-29 09:43:15,680 - INFO - Precision: 0.7197
2025-03-29 09:43:15,681 - INFO - Recall: 0.7449
2025-03-29 09:43:15,682 - INFO - F1 Score: 0.7321
2025-03-29 09:43:15,683 - INFO - ROC AUC: 0.7939442755031508
2025-03-29 09:43:15,684 - INFO - 
🔬 Classification Report:
2025-03-29 09:43:15,724 - INFO -               precision    recall  f1-score   support

    negative       0.72      0.69      0.71      9723
    positive       0.72      0.74      0.73     10277

    accuracy                           0.72     20000
   macro avg       0.72      0.72      0.72     20000
weighted avg       0.72      0.72      0.72     20000

2025-03-29 09:43:15,724 - INFO - %%%%%%%%%%%%%%%%%%%%%%%%%%%%%%%%%%%%%%%%%%%%%%%%%%
2025-03-29 09:43:15,725 - INFO - %%%%%%%%%%%%%%%%%%%%%%%%%%%%%%%%%%%%%%%%%%%%%%%%%%
2025-03-29 09:43:15,726 - INFO - 🔎 Predicting with Model: bayesian, Method: count...
2025-03-29 09:43:15,730 - INFO - ❌ Error while predicting for bayesian with count: X has 103 features, but GaussianNB is expecting 106 features as input.
2025-03-29 09:43:15,730 - INFO - 🔎 Predicting with Model: bayesian, Method: glove...
2025-03-29 09:43:15,896 - INFO - Model: bayesian
2025-03-29 09:43:15,897 - INFO - Method: glove
2025-03-29 09:43:15,898 - INFO - --------------------------------------------------
2025-03-29 09:43:15,898 - INFO - Accuracy: 0.6221
2025-03-29 09:43:15,900 - INFO - Precision: 0.6403
2025-03-29 09:43:15,900 - INFO - Recall: 0.6039
2025-03-29 09:43:15,901 - INFO - F1 Score: 0.6216
2025-03-29 09:43:15,902 - INFO - ROC AUC: 0.6706659953115426
2025-03-29 09:43:15,903 - INFO - 
🔬 Classification Report:
2025-03-29 09:43:15,946 - INFO -               precision    recall  f1-score   support

    negative       0.61      0.64      0.62      9723
    positive       0.64      0.60      0.62     10277

    accuracy                           0.62     20000
   macro avg       0.62      0.62      0.62     20000
weighted avg       0.62      0.62      0.62     20000

2025-03-29 09:43:15,946 - INFO - %%%%%%%%%%%%%%%%%%%%%%%%%%%%%%%%%%%%%%%%%%%%%%%%%%
2025-03-29 09:43:15,947 - INFO - %%%%%%%%%%%%%%%%%%%%%%%%%%%%%%%%%%%%%%%%%%%%%%%%%%
2025-03-29 09:43:15,948 - INFO - 🔎 Predicting with Model: logistic_regression, Method: count...
2025-03-29 09:43:15,952 - INFO - ❌ Error while predicting for logistic_regression with count: X has 103 features, but LogisticRegression is expecting 106 features as input.
2025-03-29 09:43:15,952 - INFO - 🔎 Predicting with Model: logistic_regression, Method: glove...
2025-03-29 09:43:16,021 - INFO - Model: logistic_regression
2025-03-29 09:43:16,022 - INFO - Method: glove
2025-03-29 09:43:16,023 - INFO - --------------------------------------------------
2025-03-29 09:43:16,023 - INFO - Accuracy: 0.7147
2025-03-29 09:43:16,024 - INFO - Precision: 0.7134
2025-03-29 09:43:16,025 - INFO - Recall: 0.7434
2025-03-29 09:43:16,026 - INFO - F1 Score: 0.7281
2025-03-29 09:43:16,026 - INFO - ROC AUC: 0.7875720461552945
2025-03-29 09:43:16,027 - INFO - 
🔬 Classification Report:
2025-03-29 09:43:16,070 - INFO -               precision    recall  f1-score   support

    negative       0.72      0.68      0.70      9723
    positive       0.71      0.74      0.73     10277

    accuracy                           0.71     20000
   macro avg       0.71      0.71      0.71     20000
weighted avg       0.71      0.71      0.71     20000

2025-03-29 09:43:16,070 - INFO - %%%%%%%%%%%%%%%%%%%%%%%%%%%%%%%%%%%%%%%%%%%%%%%%%%
2025-03-29 09:43:16,071 - INFO - %%%%%%%%%%%%%%%%%%%%%%%%%%%%%%%%%%%%%%%%%%%%%%%%%%
