2025-03-22 10:52:10,947 - INFO - 
🔎 Running feature extraction...

2025-03-22 10:52:10,950 - INFO - 
🔍 Processing feature extraction using: count...
2025-03-22 10:52:11,677 - INFO - ✅ count - Train shape: (24000, 2000), Test shape: (6000, 2000)
2025-03-22 10:52:11,679 - INFO - 
🔍 Processing feature extraction using: tfidf...
2025-03-22 10:52:12,653 - INFO - ✅ tfidf - Train shape: (24000, 2000), Test shape: (6000, 2000)
2025-03-22 10:52:12,654 - INFO - 
🔍 Processing feature extraction using: word2vec...
2025-03-22 10:52:12,656 - INFO - Creating /root/gensim-data
2025-03-22 10:55:29,874 - INFO - word2vec-google-news-300 downloaded
2025-03-22 10:55:29,876 - INFO - loading projection weights from /root/gensim-data/word2vec-google-news-300/word2vec-google-news-300.gz
2025-03-22 10:56:17,456 - INFO - KeyedVectors lifecycle event {'msg': 'loaded (3000000, 300) matrix of type float32 from /root/gensim-data/word2vec-google-news-300/word2vec-google-news-300.gz', 'binary': True, 'encoding': 'utf8', 'datetime': '2025-03-22T10:56:17.456462', 'gensim': '4.3.3', 'python': '3.10.12 (main, Nov  6 2024, 20:22:13) [GCC 11.4.0]', 'platform': 'Linux-6.6.56+-x86_64-with-glibc2.35', 'event': 'load_word2vec_format'}
2025-03-22 10:56:18,617 - INFO - ✅ word2vec - Train shape: (24000, 300), Test shape: (6000, 300)
2025-03-22 10:56:18,619 - INFO - 
🔍 Processing feature extraction using: glove...
2025-03-22 10:57:03,652 - INFO - glove-wiki-gigaword-300 downloaded
2025-03-22 10:57:03,654 - INFO - loading projection weights from /root/gensim-data/glove-wiki-gigaword-300/glove-wiki-gigaword-300.gz
2025-03-22 10:58:16,393 - INFO - KeyedVectors lifecycle event {'msg': 'loaded (400000, 300) matrix of type float32 from /root/gensim-data/glove-wiki-gigaword-300/glove-wiki-gigaword-300.gz', 'binary': False, 'encoding': 'utf8', 'datetime': '2025-03-22T10:58:16.393569', 'gensim': '4.3.3', 'python': '3.10.12 (main, Nov  6 2024, 20:22:13) [GCC 11.4.0]', 'platform': 'Linux-6.6.56+-x86_64-with-glibc2.35', 'event': 'load_word2vec_format'}
2025-03-22 10:58:17,992 - INFO - ✅ glove - Train shape: (24000, 300), Test shape: (6000, 300)
2025-03-22 10:58:55,417 - INFO - 
🔎 Running feature extraction...

2025-03-22 10:58:55,419 - INFO - 
🔍 Processing feature extraction using: count...
2025-03-22 10:59:00,517 - INFO - ✅ count - Train shape: (24000, 100), Test shape: (6000, 100)
2025-03-22 10:59:00,519 - INFO - 
🔍 Processing feature extraction using: tfidf...
2025-03-22 10:59:05,636 - INFO - ✅ tfidf - Train shape: (24000, 100), Test shape: (6000, 100)
2025-03-22 10:59:05,639 - INFO - 
🔍 Processing feature extraction using: word2vec...
2025-03-22 10:59:05,767 - INFO - loading projection weights from /root/gensim-data/word2vec-google-news-300/word2vec-google-news-300.gz
2025-03-22 10:59:50,985 - INFO - KeyedVectors lifecycle event {'msg': 'loaded (3000000, 300) matrix of type float32 from /root/gensim-data/word2vec-google-news-300/word2vec-google-news-300.gz', 'binary': True, 'encoding': 'utf8', 'datetime': '2025-03-22T10:59:50.985258', 'gensim': '4.3.3', 'python': '3.10.12 (main, Nov  6 2024, 20:22:13) [GCC 11.4.0]', 'platform': 'Linux-6.6.56+-x86_64-with-glibc2.35', 'event': 'load_word2vec_format'}
2025-03-22 10:59:52,880 - INFO - ✅ word2vec - Train shape: (24000, 100), Test shape: (6000, 100)
2025-03-22 10:59:52,882 - INFO - 
🔍 Processing feature extraction using: glove...
2025-03-22 10:59:52,907 - INFO - loading projection weights from /root/gensim-data/glove-wiki-gigaword-300/glove-wiki-gigaword-300.gz
2025-03-22 11:01:02,839 - INFO - KeyedVectors lifecycle event {'msg': 'loaded (400000, 300) matrix of type float32 from /root/gensim-data/glove-wiki-gigaword-300/glove-wiki-gigaword-300.gz', 'binary': False, 'encoding': 'utf8', 'datetime': '2025-03-22T11:01:02.839234', 'gensim': '4.3.3', 'python': '3.10.12 (main, Nov  6 2024, 20:22:13) [GCC 11.4.0]', 'platform': 'Linux-6.6.56+-x86_64-with-glibc2.35', 'event': 'load_word2vec_format'}
2025-03-22 11:01:05,608 - INFO - ✅ glove - Train shape: (24000, 100), Test shape: (6000, 100)
2025-03-22 11:03:23,528 - INFO - 
🔎 Running feature extraction and model training loop...

2025-03-22 11:03:23,529 - INFO - 
🚀 Training bayesian models...

2025-03-22 11:03:23,529 - INFO - 🔎 Training with Method: count...
2025-03-22 11:03:23,530 - INFO - 🚀 Training new model: GaussianNB...
2025-03-22 11:03:27,472 - INFO - Best hyperparameters: {'priors': None, 'var_smoothing': 1e-09}
2025-03-22 11:03:27,473 - INFO - 
🎯 Running K-Fold Cross-Validation...
2025-03-22 11:03:27,852 - INFO - 📊 Average Accuracy: 62%
2025-03-22 11:03:27,853 - INFO - 📊 Average ROC AUC: 62%
2025-03-22 11:03:27,854 - INFO - 📊 Average F1 Score: 65%
2025-03-22 11:03:27,855 - INFO - 📊 Average Precision: 61%
2025-03-22 11:03:27,856 - INFO - 📊 Average Recall: 69%
2025-03-22 11:03:27,890 - INFO - 💾 Model saved to best_bayesian_count.pkl
2025-03-22 11:03:28,096 - INFO - 📈 Plot saved to best_bayesian_count.png
2025-03-22 11:03:28,242 - INFO - 📉 Loss plot saved to best_bayesian_count_loss.png
2025-03-22 11:03:28,243 - INFO - 🔎 Training with Method: tfidf...
2025-03-22 11:03:28,243 - INFO - 🚀 Training new model: GaussianNB...
2025-03-22 11:03:32,548 - INFO - Best hyperparameters: {'priors': [0.5, 0.5], 'var_smoothing': 1e-09}
2025-03-22 11:03:32,549 - INFO - 
🎯 Running K-Fold Cross-Validation...
2025-03-22 11:03:32,932 - INFO - 📊 Average Accuracy: 62%
2025-03-22 11:03:32,933 - INFO - 📊 Average ROC AUC: 62%
2025-03-22 11:03:32,933 - INFO - 📊 Average F1 Score: 64%
2025-03-22 11:03:32,934 - INFO - 📊 Average Precision: 62%
2025-03-22 11:03:32,935 - INFO - 📊 Average Recall: 67%
2025-03-22 11:03:32,970 - INFO - 💾 Model saved to best_bayesian_tfidf.pkl
2025-03-22 11:03:33,128 - INFO - 📈 Plot saved to best_bayesian_tfidf.png
2025-03-22 11:03:33,285 - INFO - 📉 Loss plot saved to best_bayesian_tfidf_loss.png
2025-03-22 11:03:33,286 - INFO - 🔎 Training with Method: word2vec...
2025-03-22 11:03:33,287 - INFO - 🚀 Training new model: GaussianNB...
2025-03-22 11:03:37,212 - INFO - Best hyperparameters: {'priors': [0.2, 0.8], 'var_smoothing': 1e-09}
2025-03-22 11:03:37,213 - INFO - 
🎯 Running K-Fold Cross-Validation...
2025-03-22 11:03:37,590 - INFO - 📊 Average Accuracy: 62%
2025-03-22 11:03:37,591 - INFO - 📊 Average ROC AUC: 62%
2025-03-22 11:03:37,591 - INFO - 📊 Average F1 Score: 66%
2025-03-22 11:03:37,592 - INFO - 📊 Average Precision: 61%
2025-03-22 11:03:37,593 - INFO - 📊 Average Recall: 73%
2025-03-22 11:03:37,627 - INFO - 💾 Model saved to best_bayesian_word2vec.pkl
2025-03-22 11:03:37,788 - INFO - 📈 Plot saved to best_bayesian_word2vec.png
2025-03-22 11:03:37,954 - INFO - 📉 Loss plot saved to best_bayesian_word2vec_loss.png
2025-03-22 11:03:37,955 - INFO - 🔎 Training with Method: glove...
2025-03-22 11:03:37,956 - INFO - 🚀 Training new model: GaussianNB...
2025-03-22 11:03:41,923 - INFO - Best hyperparameters: {'priors': [0.2, 0.8], 'var_smoothing': 1e-09}
2025-03-22 11:03:41,924 - INFO - 
🎯 Running K-Fold Cross-Validation...
2025-03-22 11:03:42,313 - INFO - 📊 Average Accuracy: 61%
2025-03-22 11:03:42,313 - INFO - 📊 Average ROC AUC: 61%
2025-03-22 11:03:42,314 - INFO - 📊 Average F1 Score: 65%
2025-03-22 11:03:42,315 - INFO - 📊 Average Precision: 60%
2025-03-22 11:03:42,315 - INFO - 📊 Average Recall: 70%
2025-03-22 11:03:42,354 - INFO - 💾 Model saved to best_bayesian_glove.pkl
2025-03-22 11:03:42,509 - INFO - 📈 Plot saved to best_bayesian_glove.png
2025-03-22 11:03:42,663 - INFO - 📉 Loss plot saved to best_bayesian_glove_loss.png
2025-03-22 11:03:42,664 - INFO - 
🚀 Training GA models...

2025-03-22 11:03:42,664 - INFO - 🔎 Training with Method: count...
2025-03-22 11:07:32,805 - INFO - Selected 44 features out of 100
2025-03-22 11:07:32,826 - INFO - 
🎯 Running K-Fold Cross-Validation...
2025-03-22 11:07:33,054 - INFO - 📊 Average Accuracy: 60%
2025-03-22 11:07:33,055 - INFO - 📊 Average ROC AUC: 64%
2025-03-22 11:07:33,056 - INFO - 📊 Average F1 Score: 65%
2025-03-22 11:07:33,057 - INFO - 📊 Average Precision: 59%
2025-03-22 11:07:33,057 - INFO - 📊 Average Recall: 72%
2025-03-22 11:07:33,075 - INFO - 💾 Model saved to best_GA_count.pkl
2025-03-22 11:07:33,230 - INFO - 📈 Plot saved to best_GA_count.png
2025-03-22 11:07:33,397 - INFO - 📉 Loss plot saved to best_GA_count_loss.png
2025-03-22 11:07:33,398 - INFO - 🔎 Training with Method: tfidf...
2025-03-22 11:11:23,905 - INFO - Selected 46 features out of 100
2025-03-22 11:11:23,927 - INFO - 
🎯 Running K-Fold Cross-Validation...
2025-03-22 11:11:24,173 - INFO - 📊 Average Accuracy: 58%
2025-03-22 11:11:24,175 - INFO - 📊 Average ROC AUC: 62%
2025-03-22 11:11:24,176 - INFO - 📊 Average F1 Score: 62%
2025-03-22 11:11:24,176 - INFO - 📊 Average Precision: 58%
2025-03-22 11:11:24,177 - INFO - 📊 Average Recall: 66%
2025-03-22 11:11:24,195 - INFO - 💾 Model saved to best_GA_tfidf.pkl
2025-03-22 11:11:24,346 - INFO - 📈 Plot saved to best_GA_tfidf.png
2025-03-22 11:11:24,514 - INFO - 📉 Loss plot saved to best_GA_tfidf_loss.png
2025-03-22 11:11:24,516 - INFO - 🔎 Training with Method: word2vec...
2025-03-22 11:15:13,327 - INFO - Selected 51 features out of 100
2025-03-22 11:15:13,350 - INFO - 
🎯 Running K-Fold Cross-Validation...
2025-03-22 11:15:13,602 - INFO - 📊 Average Accuracy: 59%
2025-03-22 11:15:13,603 - INFO - 📊 Average ROC AUC: 65%
2025-03-22 11:15:13,604 - INFO - 📊 Average F1 Score: 52%
2025-03-22 11:15:13,605 - INFO - 📊 Average Precision: 64%
2025-03-22 11:15:13,606 - INFO - 📊 Average Recall: 44%
2025-03-22 11:15:13,625 - INFO - 💾 Model saved to best_GA_word2vec.pkl
2025-03-22 11:15:13,777 - INFO - 📈 Plot saved to best_GA_word2vec.png
2025-03-22 11:15:13,937 - INFO - 📉 Loss plot saved to best_GA_word2vec_loss.png
2025-03-22 11:15:13,938 - INFO - 🔎 Training with Method: glove...
2025-03-22 11:19:04,837 - INFO - Selected 52 features out of 100
2025-03-22 11:19:04,861 - INFO - 
🎯 Running K-Fold Cross-Validation...
2025-03-22 11:19:05,125 - INFO - 📊 Average Accuracy: 59%
2025-03-22 11:19:05,126 - INFO - 📊 Average ROC AUC: 65%
2025-03-22 11:19:05,127 - INFO - 📊 Average F1 Score: 54%
2025-03-22 11:19:05,127 - INFO - 📊 Average Precision: 64%
2025-03-22 11:19:05,128 - INFO - 📊 Average Recall: 46%
2025-03-22 11:19:05,148 - INFO - 💾 Model saved to best_GA_glove.pkl
2025-03-22 11:19:05,308 - INFO - 📈 Plot saved to best_GA_glove.png
2025-03-22 11:19:05,497 - INFO - 📉 Loss plot saved to best_GA_glove_loss.png
2025-03-22 11:19:05,498 - INFO - 
🚀 Training hmm models...

2025-03-22 11:19:16,417 - INFO - 💾 Model saved to best_hmm.pkl
2025-03-22 11:19:16,434 - INFO - Has predict_proba
2025-03-22 11:19:16,444 - INFO - Model: HMM
2025-03-22 11:19:16,445 - INFO - --------------------------------------------------
2025-03-22 11:19:16,445 - INFO - Accuracy: 0.4993
2025-03-22 11:19:16,447 - INFO - Precision: 0.5079
2025-03-22 11:19:16,448 - INFO - Recall: 0.0319
2025-03-22 11:19:16,449 - INFO - F1 Score: 0.0601
2025-03-22 11:19:16,450 - INFO - ROC AUC: 0.4854
2025-03-22 11:19:16,456 - INFO - 
🚀 Training bayesnet models...

2025-03-22 11:25:27,706 - INFO - Does not have predict_proba or decision_function
2025-03-22 11:26:04,248 - INFO - Model: Bayesian Network
2025-03-22 11:26:04,249 - INFO - --------------------------------------------------
2025-03-22 11:26:04,249 - INFO - Accuracy: 0.6518
2025-03-22 11:26:04,250 - INFO - Precision: 0.6308
2025-03-22 11:26:04,251 - INFO - Recall: 0.7359
2025-03-22 11:26:04,252 - INFO - F1 Score: 0.6794
2025-03-22 11:26:04,252 - INFO - ROC AUC: 0.7213
2025-03-22 11:26:47,540 - INFO - 🔎 Predicting with Model: bayesian, Method: count...
2025-03-22 11:26:47,571 - INFO - Model: bayesian
2025-03-22 11:26:47,572 - INFO - Method: count
2025-03-22 11:26:47,572 - INFO - --------------------------------------------------
2025-03-22 11:26:47,574 - INFO - Accuracy: 0.5022
2025-03-22 11:26:47,574 - INFO - Precision: 0.5122
2025-03-22 11:26:47,576 - INFO - Recall: 0.6063
2025-03-22 11:26:47,577 - INFO - F1 Score: 0.5553
2025-03-22 11:26:47,578 - INFO - ROC AUC: 0.5028462155267648
2025-03-22 11:26:47,579 - INFO - 
🔬 Classification Report:
2025-03-22 11:26:47,589 - INFO -               precision    recall  f1-score   support

    negative       0.49      0.39      0.43      2924
    positive       0.51      0.61      0.56      3076

    accuracy                           0.50      6000
   macro avg       0.50      0.50      0.49      6000
weighted avg       0.50      0.50      0.50      6000

2025-03-22 11:26:47,589 - INFO - 🔎 Predicting with Model: bayesian, Method: tfidf...
2025-03-22 11:26:47,617 - INFO - Model: bayesian
2025-03-22 11:26:47,618 - INFO - Method: tfidf
2025-03-22 11:26:47,619 - INFO - --------------------------------------------------
2025-03-22 11:26:47,619 - INFO - Accuracy: 0.5388
2025-03-22 11:26:47,621 - INFO - Precision: 0.5456
2025-03-22 11:26:47,621 - INFO - Recall: 0.6008
2025-03-22 11:26:47,622 - INFO - F1 Score: 0.5719
2025-03-22 11:26:47,623 - INFO - ROC AUC: 0.5593917829931743
2025-03-22 11:26:47,623 - INFO - 
🔬 Classification Report:
2025-03-22 11:26:47,634 - INFO -               precision    recall  f1-score   support

    negative       0.53      0.47      0.50      2924
    positive       0.55      0.60      0.57      3076

    accuracy                           0.54      6000
   macro avg       0.54      0.54      0.54      6000
weighted avg       0.54      0.54      0.54      6000

2025-03-22 11:26:47,635 - INFO - 🔎 Predicting with Model: bayesian, Method: word2vec...
2025-03-22 11:26:47,665 - INFO - Model: bayesian
2025-03-22 11:26:47,666 - INFO - Method: word2vec
2025-03-22 11:26:47,666 - INFO - --------------------------------------------------
2025-03-22 11:26:47,667 - INFO - Accuracy: 0.5993
2025-03-22 11:26:47,668 - INFO - Precision: 0.5873
2025-03-22 11:26:47,669 - INFO - Recall: 0.7350
2025-03-22 11:26:47,670 - INFO - F1 Score: 0.6529
2025-03-22 11:26:47,670 - INFO - ROC AUC: 0.629832712638689
2025-03-22 11:26:47,671 - INFO - 
🔬 Classification Report:
2025-03-22 11:26:47,681 - INFO -               precision    recall  f1-score   support

    negative       0.62      0.46      0.53      2924
    positive       0.59      0.74      0.65      3076

    accuracy                           0.60      6000
   macro avg       0.60      0.60      0.59      6000
weighted avg       0.60      0.60      0.59      6000

2025-03-22 11:26:47,682 - INFO - 🔎 Predicting with Model: bayesian, Method: glove...
2025-03-22 11:26:47,710 - INFO - Model: bayesian
2025-03-22 11:26:47,711 - INFO - Method: glove
2025-03-22 11:26:47,712 - INFO - --------------------------------------------------
2025-03-22 11:26:47,712 - INFO - Accuracy: 0.5435
2025-03-22 11:26:47,713 - INFO - Precision: 0.5466
2025-03-22 11:26:47,713 - INFO - Recall: 0.6427
2025-03-22 11:26:47,714 - INFO - F1 Score: 0.5908
2025-03-22 11:26:47,715 - INFO - ROC AUC: 0.5480157598921264
2025-03-22 11:26:47,715 - INFO - 
🔬 Classification Report:
2025-03-22 11:26:47,727 - INFO -               precision    recall  f1-score   support

    negative       0.54      0.44      0.48      2924
    positive       0.55      0.64      0.59      3076

    accuracy                           0.54      6000
   macro avg       0.54      0.54      0.54      6000
weighted avg       0.54      0.54      0.54      6000

2025-03-22 11:26:47,728 - INFO - %%%%%%%%%%%%%%%%%%%%%%%%%%%%%%%%%%%%%%%%%%%%%%%%%%
2025-03-22 11:26:47,728 - INFO - %%%%%%%%%%%%%%%%%%%%%%%%%%%%%%%%%%%%%%%%%%%%%%%%%%
2025-03-22 11:26:47,729 - INFO - Already trained and tested model: GA
2025-03-22 11:26:47,730 - INFO - Already trained and tested model: hmm
2025-03-22 11:26:47,730 - INFO - Already trained and tested model: bayesnet
