2025-03-31 06:26:07,508 - INFO - 
🔎 Running feature extraction and model training loop...

2025-03-31 06:26:07,509 - INFO - 
🚀 Training perceptron models...

2025-03-31 06:26:07,510 - INFO - 🔎 Training with Method: count...
2025-03-31 06:26:07,511 - INFO - 🚀 Training new model: Perceptron...
2025-03-31 06:27:24,613 - INFO - Best hyperparameters: {'alpha': 0.0001, 'eta0': 0.1, 'max_iter': 1000, 'penalty': 'l2', 'tol': 0.001}
2025-03-31 06:27:24,614 - INFO - 
🎯 Running K-Fold Cross-Validation...
2025-03-31 06:27:25,265 - INFO - 📊 Average Accuracy: 61%
2025-03-31 06:27:25,267 - INFO - 📊 Average ROC AUC: 60%
2025-03-31 06:27:25,268 - INFO - 📊 Average F1 Score: 69%
2025-03-31 06:27:25,268 - INFO - 📊 Average Precision: 58%
2025-03-31 06:27:25,269 - INFO - 📊 Average Recall: 86%
2025-03-31 06:27:25,404 - INFO - 💾 Model saved to best_perceptron_count.pkl
2025-03-31 06:27:25,614 - INFO - 📈 Plot saved to best_perceptron_count.png
2025-03-31 06:27:25,763 - INFO - 📉 Loss plot saved to best_perceptron_count_loss.png
2025-03-31 06:27:25,764 - INFO - 🔎 Training with Method: tfidf...
2025-03-31 06:27:25,765 - INFO - 🚀 Training new model: Perceptron...
2025-03-31 06:28:31,899 - INFO - Best hyperparameters: {'alpha': 0.0001, 'eta0': 0.001, 'max_iter': 1000, 'penalty': 'l2', 'tol': 0.001}
2025-03-31 06:28:31,900 - INFO - 
🎯 Running K-Fold Cross-Validation...
2025-03-31 06:28:32,625 - INFO - 📊 Average Accuracy: 59%
2025-03-31 06:28:32,626 - INFO - 📊 Average ROC AUC: 59%
2025-03-31 06:28:32,628 - INFO - 📊 Average F1 Score: 62%
2025-03-31 06:28:32,629 - INFO - 📊 Average Precision: 63%
2025-03-31 06:28:32,630 - INFO - 📊 Average Recall: 73%
2025-03-31 06:28:32,756 - INFO - 💾 Model saved to best_perceptron_tfidf.pkl
2025-03-31 06:28:32,907 - INFO - 📈 Plot saved to best_perceptron_tfidf.png
2025-03-31 06:28:33,049 - INFO - 📉 Loss plot saved to best_perceptron_tfidf_loss.png
2025-03-31 06:28:33,052 - INFO - 
🚀 Training mlp models...

2025-03-31 06:28:33,053 - INFO - 🔎 Training with Method: count...
2025-03-31 06:28:33,054 - INFO - 🚀 Training new model: MLPClassifier...
2025-03-31 06:46:23,264 - INFO - Best hyperparameters: {'activation': 'logistic', 'alpha': 0.001, 'batch_size': 32, 'hidden_layer_sizes': (100,), 'max_iter': 1000, 'solver': 'sgd'}
2025-03-31 06:46:23,265 - INFO - 
🎯 Running K-Fold Cross-Validation...
2025-03-31 06:50:44,910 - INFO - 📊 Average Accuracy: 66%
2025-03-31 06:50:44,910 - INFO - 📊 Average ROC AUC: 65%
2025-03-31 06:50:44,911 - INFO - 📊 Average F1 Score: 72%
2025-03-31 06:50:44,913 - INFO - 📊 Average Precision: 62%
2025-03-31 06:50:44,913 - INFO - 📊 Average Recall: 84%
2025-03-31 06:51:43,214 - INFO - 💾 Model saved to best_mlp_count.pkl
2025-03-31 06:51:43,353 - INFO - 📈 Plot saved to best_mlp_count.png
2025-03-31 06:51:43,504 - INFO - 📉 Loss plot saved to best_mlp_count_loss.png
2025-03-31 06:51:43,506 - INFO - 🔎 Training with Method: tfidf...
2025-03-31 06:51:43,506 - INFO - 🚀 Training new model: MLPClassifier...
2025-03-31 07:19:15,106 - INFO - Best hyperparameters: {'activation': 'logistic', 'alpha': 0.001, 'batch_size': 32, 'hidden_layer_sizes': (100,), 'max_iter': 1000, 'solver': 'sgd'}
2025-03-31 07:19:15,107 - INFO - 
🎯 Running K-Fold Cross-Validation...
2025-03-31 07:28:02,280 - INFO - 📊 Average Accuracy: 65%
2025-03-31 07:28:02,281 - INFO - 📊 Average ROC AUC: 64%
2025-03-31 07:28:02,282 - INFO - 📊 Average F1 Score: 72%
2025-03-31 07:28:02,282 - INFO - 📊 Average Precision: 61%
2025-03-31 07:28:02,283 - INFO - 📊 Average Recall: 89%
2025-03-31 07:30:15,066 - INFO - 💾 Model saved to best_mlp_tfidf.pkl
2025-03-31 07:30:15,212 - INFO - 📈 Plot saved to best_mlp_tfidf.png
2025-03-31 07:30:15,363 - INFO - 📉 Loss plot saved to best_mlp_tfidf_loss.png
2025-03-31 07:30:15,363 - INFO - 
🚀 Training GA models...

2025-03-31 07:30:15,364 - INFO - 🔎 Training with Method: count...
2025-03-31 07:38:28,906 - INFO - Selected 30 features out of 50
2025-03-31 07:38:28,943 - INFO - 
🎯 Running K-Fold Cross-Validation...
2025-03-31 07:38:29,435 - INFO - 📊 Average Accuracy: 61%
2025-03-31 07:38:29,436 - INFO - 📊 Average ROC AUC: 65%
2025-03-31 07:38:29,437 - INFO - 📊 Average F1 Score: 71%
2025-03-31 07:38:29,437 - INFO - 📊 Average Precision: 57%
2025-03-31 07:38:29,439 - INFO - 📊 Average Recall: 92%
2025-03-31 07:38:29,474 - INFO - 💾 Model saved to best_GA_count.pkl
2025-03-31 07:38:29,616 - INFO - 📈 Plot saved to best_GA_count.png
2025-03-31 07:38:29,759 - INFO - 📉 Loss plot saved to best_GA_count_loss.png
2025-03-31 07:38:29,765 - INFO - 🔎 Training with Method: tfidf...
2025-03-31 07:45:05,115 - INFO - Selected 24 features out of 50
2025-03-31 07:45:05,144 - INFO - 
🎯 Running K-Fold Cross-Validation...
2025-03-31 07:45:05,607 - INFO - 📊 Average Accuracy: 57%
2025-03-31 07:45:05,608 - INFO - 📊 Average ROC AUC: 61%
2025-03-31 07:45:05,609 - INFO - 📊 Average F1 Score: 55%
2025-03-31 07:45:05,610 - INFO - 📊 Average Precision: 63%
2025-03-31 07:45:05,611 - INFO - 📊 Average Recall: 64%
2025-03-31 07:45:05,640 - INFO - 💾 Model saved to best_GA_tfidf.pkl
2025-03-31 07:45:05,783 - INFO - 📈 Plot saved to best_GA_tfidf.png
2025-03-31 07:45:05,926 - INFO - 📉 Loss plot saved to best_GA_tfidf_loss.png
2025-03-31 07:45:05,927 - INFO - 
🚀 Training svm models...

2025-03-31 07:45:05,927 - INFO - 🔎 Training with Method: count...
2025-03-31 07:45:05,928 - INFO - 🚀 Training new model: SVC...
2025-03-31 08:58:26,979 - INFO - Best hyperparameters: {'C': 1, 'gamma': 'scale', 'kernel': 'linear'}
2025-03-31 08:58:26,980 - INFO - 
🎯 Running K-Fold Cross-Validation...
2025-03-31 09:24:25,247 - INFO - 📊 Average Accuracy: 65%
2025-03-31 09:24:25,249 - INFO - 📊 Average ROC AUC: 64%
2025-03-31 09:24:25,249 - INFO - 📊 Average F1 Score: 71%
2025-03-31 09:24:25,250 - INFO - 📊 Average Precision: 61%
2025-03-31 09:24:25,252 - INFO - 📊 Average Recall: 85%
2025-03-31 09:33:53,444 - INFO - 💾 Model saved to best_svm_count.pkl
2025-03-31 09:33:53,590 - INFO - 📈 Plot saved to best_svm_count.png
2025-03-31 09:33:53,737 - INFO - 📉 Loss plot saved to best_svm_count_loss.png
2025-03-31 09:33:53,738 - INFO - 🔎 Training with Method: tfidf...
2025-03-31 09:33:53,739 - INFO - 🚀 Training new model: SVC...
2025-03-31 10:54:13,467 - INFO - Best hyperparameters: {'C': 0.1, 'gamma': 'scale', 'kernel': 'linear'}
2025-03-31 10:54:13,469 - INFO - 
🎯 Running K-Fold Cross-Validation...
2025-03-31 11:24:47,056 - INFO - 📊 Average Accuracy: 65%
2025-03-31 11:24:47,057 - INFO - 📊 Average ROC AUC: 64%
2025-03-31 11:24:47,058 - INFO - 📊 Average F1 Score: 72%
2025-03-31 11:24:47,059 - INFO - 📊 Average Precision: 60%
2025-03-31 11:24:47,060 - INFO - 📊 Average Recall: 89%
2025-03-31 11:33:02,707 - INFO - 💾 Model saved to best_svm_tfidf.pkl
2025-03-31 11:33:02,863 - INFO - 📈 Plot saved to best_svm_tfidf.png
2025-03-31 11:33:03,035 - INFO - 📉 Loss plot saved to best_svm_tfidf_loss.png
2025-03-31 11:33:03,037 - INFO - 
🚀 Training lda models...

2025-03-31 11:33:03,037 - INFO - 🔎 Training with Method: count...
2025-03-31 11:33:03,039 - INFO - 🚀 Training new model: LinearDiscriminantAnalysis...
2025-03-31 11:33:15,379 - INFO - Best hyperparameters: {'shrinkage': None, 'solver': 'lsqr', 'tol': 0.0001}
2025-03-31 11:33:15,381 - INFO - 
🎯 Running K-Fold Cross-Validation...
2025-03-31 11:33:16,227 - INFO - 📊 Average Accuracy: 66%
2025-03-31 11:33:16,228 - INFO - 📊 Average ROC AUC: 65%
2025-03-31 11:33:16,230 - INFO - 📊 Average F1 Score: 72%
2025-03-31 11:33:16,231 - INFO - 📊 Average Precision: 62%
2025-03-31 11:33:16,232 - INFO - 📊 Average Recall: 85%
2025-03-31 11:33:16,394 - INFO - 💾 Model saved to best_lda_count.pkl
2025-03-31 11:33:16,540 - INFO - 📈 Plot saved to best_lda_count.png
2025-03-31 11:33:16,695 - INFO - 📉 Loss plot saved to best_lda_count_loss.png
2025-03-31 11:33:16,696 - INFO - 🔎 Training with Method: tfidf...
2025-03-31 11:33:16,698 - INFO - 🚀 Training new model: LinearDiscriminantAnalysis...
2025-03-31 11:33:28,147 - INFO - Best hyperparameters: {'shrinkage': None, 'solver': 'lsqr', 'tol': 0.0001}
2025-03-31 11:33:28,148 - INFO - 
🎯 Running K-Fold Cross-Validation...
2025-03-31 11:33:28,928 - INFO - 📊 Average Accuracy: 65%
2025-03-31 11:33:28,929 - INFO - 📊 Average ROC AUC: 64%
2025-03-31 11:33:28,931 - INFO - 📊 Average F1 Score: 72%
2025-03-31 11:33:28,933 - INFO - 📊 Average Precision: 61%
2025-03-31 11:33:28,933 - INFO - 📊 Average Recall: 89%
2025-03-31 11:33:29,083 - INFO - 💾 Model saved to best_lda_tfidf.pkl
2025-03-31 11:33:29,235 - INFO - 📈 Plot saved to best_lda_tfidf.png
2025-03-31 11:33:29,400 - INFO - 📉 Loss plot saved to best_lda_tfidf_loss.png
2025-03-31 11:33:29,442 - INFO - 🔎 Predicting with Model: perceptron, Method: count...
2025-03-31 11:33:29,488 - INFO - Model: perceptron
2025-03-31 11:33:29,489 - INFO - Method: count
2025-03-31 11:33:29,490 - INFO - --------------------------------------------------
2025-03-31 11:33:29,491 - INFO - Accuracy: 0.5759
2025-03-31 11:33:29,492 - INFO - Precision: 0.5647
2025-03-31 11:33:29,493 - INFO - Recall: 0.7621
2025-03-31 11:33:29,494 - INFO - F1 Score: 0.6487
2025-03-31 11:33:29,495 - INFO - ROC AUC: 0.5706458058203479
2025-03-31 11:33:29,496 - INFO - 
🔬 Classification Report:
2025-03-31 11:33:29,528 - INFO -               precision    recall  f1-score   support

    negative       0.60      0.38      0.46      9723
    positive       0.56      0.76      0.65     10277

    accuracy                           0.58     20000
   macro avg       0.58      0.57      0.56     20000
weighted avg       0.58      0.58      0.56     20000

2025-03-31 11:33:29,529 - INFO - 🔎 Predicting with Model: perceptron, Method: tfidf...
2025-03-31 11:33:29,589 - INFO - Model: perceptron
2025-03-31 11:33:29,590 - INFO - Method: tfidf
2025-03-31 11:33:29,590 - INFO - --------------------------------------------------
2025-03-31 11:33:29,591 - INFO - Accuracy: 0.5283
2025-03-31 11:33:29,592 - INFO - Precision: 0.6233
2025-03-31 11:33:29,594 - INFO - Recall: 0.2076
2025-03-31 11:33:29,594 - INFO - F1 Score: 0.3114
2025-03-31 11:33:29,595 - INFO - ROC AUC: 0.5925182032922041
2025-03-31 11:33:29,596 - INFO - 
🔬 Classification Report:
2025-03-31 11:33:29,654 - INFO -               precision    recall  f1-score   support

    negative       0.51      0.87      0.64      9723
    positive       0.62      0.21      0.31     10277

    accuracy                           0.53     20000
   macro avg       0.57      0.54      0.48     20000
weighted avg       0.57      0.53      0.47     20000

2025-03-31 11:33:29,655 - INFO - %%%%%%%%%%%%%%%%%%%%%%%%%%%%%%%%%%%%%%%%%%%%%%%%%%
2025-03-31 11:33:29,656 - INFO - %%%%%%%%%%%%%%%%%%%%%%%%%%%%%%%%%%%%%%%%%%%%%%%%%%
2025-03-31 11:33:29,656 - INFO - 🔎 Predicting with Model: mlp, Method: count...
2025-03-31 11:33:29,748 - INFO - Model: mlp
2025-03-31 11:33:29,749 - INFO - Method: count
2025-03-31 11:33:29,749 - INFO - --------------------------------------------------
2025-03-31 11:33:29,750 - INFO - Accuracy: 0.5867
2025-03-31 11:33:29,751 - INFO - Precision: 0.5708
2025-03-31 11:33:29,752 - INFO - Recall: 0.7887
2025-03-31 11:33:29,752 - INFO - F1 Score: 0.6623
2025-03-31 11:33:29,753 - INFO - ROC AUC: 0.5980962782933716
2025-03-31 11:33:29,754 - INFO - 
🔬 Classification Report:
2025-03-31 11:33:29,787 - INFO -               precision    recall  f1-score   support

    negative       0.63      0.37      0.47      9723
    positive       0.57      0.79      0.66     10277

    accuracy                           0.59     20000
   macro avg       0.60      0.58      0.56     20000
weighted avg       0.60      0.59      0.57     20000

2025-03-31 11:33:29,788 - INFO - 🔎 Predicting with Model: mlp, Method: tfidf...
2025-03-31 11:33:29,879 - INFO - Model: mlp
2025-03-31 11:33:29,880 - INFO - Method: tfidf
2025-03-31 11:33:29,881 - INFO - --------------------------------------------------
2025-03-31 11:33:29,881 - INFO - Accuracy: 0.5706
2025-03-31 11:33:29,883 - INFO - Precision: 0.5673
2025-03-31 11:33:29,884 - INFO - Recall: 0.6923
2025-03-31 11:33:29,884 - INFO - F1 Score: 0.6236
2025-03-31 11:33:29,886 - INFO - ROC AUC: 0.587109853519507
2025-03-31 11:33:29,887 - INFO - 
🔬 Classification Report:
2025-03-31 11:33:29,919 - INFO -               precision    recall  f1-score   support

    negative       0.58      0.44      0.50      9723
    positive       0.57      0.69      0.62     10277

    accuracy                           0.57     20000
   macro avg       0.57      0.57      0.56     20000
weighted avg       0.57      0.57      0.56     20000

2025-03-31 11:33:29,920 - INFO - %%%%%%%%%%%%%%%%%%%%%%%%%%%%%%%%%%%%%%%%%%%%%%%%%%
2025-03-31 11:33:29,921 - INFO - %%%%%%%%%%%%%%%%%%%%%%%%%%%%%%%%%%%%%%%%%%%%%%%%%%
2025-03-31 11:33:29,921 - INFO - Already trained and tested model: GA
2025-03-31 11:33:29,922 - INFO - 🔎 Predicting with Model: svm, Method: count...
2025-03-31 11:34:47,295 - INFO - Model: svm
2025-03-31 11:34:47,296 - INFO - Method: count
2025-03-31 11:34:47,296 - INFO - --------------------------------------------------
2025-03-31 11:34:47,297 - INFO - Accuracy: 0.5800
2025-03-31 11:34:47,298 - INFO - Precision: 0.5687
2025-03-31 11:34:47,299 - INFO - Recall: 0.7565
2025-03-31 11:34:47,300 - INFO - F1 Score: 0.6493
2025-03-31 11:34:47,301 - INFO - ROC AUC: 0.614241856634177
2025-03-31 11:34:47,302 - INFO - 
🔬 Classification Report:
2025-03-31 11:34:47,336 - INFO -               precision    recall  f1-score   support

    negative       0.60      0.39      0.48      9723
    positive       0.57      0.76      0.65     10277

    accuracy                           0.58     20000
   macro avg       0.59      0.58      0.56     20000
weighted avg       0.59      0.58      0.57     20000

2025-03-31 11:34:47,337 - INFO - 🔎 Predicting with Model: svm, Method: tfidf...
2025-03-31 11:36:18,748 - INFO - Model: svm
2025-03-31 11:36:18,749 - INFO - Method: tfidf
2025-03-31 11:36:18,749 - INFO - --------------------------------------------------
2025-03-31 11:36:18,750 - INFO - Accuracy: 0.5747
2025-03-31 11:36:18,750 - INFO - Precision: 0.5647
2025-03-31 11:36:18,751 - INFO - Recall: 0.7521
2025-03-31 11:36:18,752 - INFO - F1 Score: 0.6451
2025-03-31 11:36:18,752 - INFO - ROC AUC: 0.5903590365851814
2025-03-31 11:36:18,753 - INFO - 
🔬 Classification Report:
2025-03-31 11:36:18,791 - INFO -               precision    recall  f1-score   support

    negative       0.60      0.39      0.47      9723
    positive       0.56      0.75      0.65     10277

    accuracy                           0.57     20000
   macro avg       0.58      0.57      0.56     20000
weighted avg       0.58      0.57      0.56     20000

2025-03-31 11:36:18,792 - INFO - %%%%%%%%%%%%%%%%%%%%%%%%%%%%%%%%%%%%%%%%%%%%%%%%%%
2025-03-31 11:36:18,793 - INFO - %%%%%%%%%%%%%%%%%%%%%%%%%%%%%%%%%%%%%%%%%%%%%%%%%%
2025-03-31 11:36:18,794 - INFO - 🔎 Predicting with Model: lda, Method: count...
2025-03-31 11:36:18,837 - INFO - Model: lda
2025-03-31 11:36:18,838 - INFO - Method: count
2025-03-31 11:36:18,838 - INFO - --------------------------------------------------
2025-03-31 11:36:18,839 - INFO - Accuracy: 0.5867
2025-03-31 11:36:18,840 - INFO - Precision: 0.5706
2025-03-31 11:36:18,841 - INFO - Recall: 0.7907
2025-03-31 11:36:18,841 - INFO - F1 Score: 0.6629
2025-03-31 11:36:18,842 - INFO - ROC AUC: 0.5950404235665984
2025-03-31 11:36:18,843 - INFO - 
🔬 Classification Report:
2025-03-31 11:36:18,877 - INFO -               precision    recall  f1-score   support

    negative       0.63      0.37      0.47      9723
    positive       0.57      0.79      0.66     10277

    accuracy                           0.59     20000
   macro avg       0.60      0.58      0.56     20000
weighted avg       0.60      0.59      0.57     20000

2025-03-31 11:36:18,878 - INFO - 🔎 Predicting with Model: lda, Method: tfidf...
2025-03-31 11:36:18,920 - INFO - Model: lda
2025-03-31 11:36:18,921 - INFO - Method: tfidf
2025-03-31 11:36:18,922 - INFO - --------------------------------------------------
2025-03-31 11:36:18,922 - INFO - Accuracy: 0.5708
2025-03-31 11:36:18,923 - INFO - Precision: 0.5677
2025-03-31 11:36:18,924 - INFO - Recall: 0.6910
2025-03-31 11:36:18,925 - INFO - F1 Score: 0.6233
2025-03-31 11:36:18,925 - INFO - ROC AUC: 0.5862475418764064
2025-03-31 11:36:18,927 - INFO - 
🔬 Classification Report:
2025-03-31 11:36:18,960 - INFO -               precision    recall  f1-score   support

    negative       0.58      0.44      0.50      9723
    positive       0.57      0.69      0.62     10277

    accuracy                           0.57     20000
   macro avg       0.57      0.57      0.56     20000
weighted avg       0.57      0.57      0.56     20000

2025-03-31 11:36:18,960 - INFO - %%%%%%%%%%%%%%%%%%%%%%%%%%%%%%%%%%%%%%%%%%%%%%%%%%
2025-03-31 11:36:18,961 - INFO - %%%%%%%%%%%%%%%%%%%%%%%%%%%%%%%%%%%%%%%%%%%%%%%%%%
