2025-04-13 07:32:03,239 - INFO - 
🔎 Running feature extraction...

2025-04-13 07:32:03,242 - INFO - 
🔍 Processing feature extraction using: count...
2025-04-13 07:32:05,475 - INFO - ✅ count - Train shape: (80000, 2000), Test shape: (20000, 2000)
2025-04-13 07:32:05,729 - INFO - 
🔎 Running feature extraction and model training loop...

2025-04-13 07:32:05,730 - INFO - 
🚀 Training lda models...

2025-04-13 07:32:05,731 - INFO - 🔎 Training with Method: count...
2025-04-13 07:32:05,732 - INFO - 🚀 Training new model: LinearDiscriminantAnalysis...
2025-04-13 07:52:13,543 - INFO - Best hyperparameters: {'shrinkage': None, 'solver': 'lsqr', 'tol': 0.0001}
2025-04-13 07:52:13,544 - INFO - 
🎯 Running K-Fold Cross-Validation...
2025-04-13 07:52:54,057 - INFO - 📊 Average Accuracy: 74%
2025-04-13 07:52:54,058 - INFO - 📊 Average ROC AUC: 74%
2025-04-13 07:52:54,059 - INFO - 📊 Average F1 Score: 76%
2025-04-13 07:52:54,060 - INFO - 📊 Average Precision: 73%
2025-04-13 07:52:54,061 - INFO - 📊 Average Recall: 80%
2025-04-13 07:53:02,373 - INFO - 💾 Model saved to best_lda_count.pkl
2025-04-13 07:53:02,555 - INFO - 📈 Plot saved to best_lda_count.png
2025-04-13 07:53:02,683 - INFO - 📉 Loss plot saved to best_lda_count_loss.png
2025-04-13 07:53:02,757 - INFO - 🔎 Predicting with Model: lda, Method: count...
2025-04-13 07:53:03,101 - INFO - Model: lda
2025-04-13 07:53:03,102 - INFO - Method: count
2025-04-13 07:53:03,103 - INFO - --------------------------------------------------
2025-04-13 07:53:03,104 - INFO - Accuracy: 0.7539
2025-04-13 07:53:03,105 - INFO - Precision: 0.7358
2025-04-13 07:53:03,105 - INFO - Recall: 0.8129
2025-04-13 07:53:03,106 - INFO - F1 Score: 0.7724
2025-04-13 07:53:03,106 - INFO - ROC AUC: 0.8292299998866131
2025-04-13 07:53:03,108 - INFO - 
🔬 Classification Report:
2025-04-13 07:53:03,149 - INFO -               precision    recall  f1-score   support

    negative       0.78      0.69      0.73      9723
    positive       0.74      0.81      0.77     10277

    accuracy                           0.75     20000
   macro avg       0.76      0.75      0.75     20000
weighted avg       0.76      0.75      0.75     20000

2025-04-13 07:53:03,150 - INFO - %%%%%%%%%%%%%%%%%%%%%%%%%%%%%%%%%%%%%%%%%%%%%%%%%%
2025-04-13 07:53:03,150 - INFO - %%%%%%%%%%%%%%%%%%%%%%%%%%%%%%%%%%%%%%%%%%%%%%%%%%
