2025-04-12 07:58:19,640 - INFO - 
🔎 Running feature extraction...

2025-04-12 07:58:19,643 - INFO - 
🔍 Processing feature extraction using: count...
2025-04-12 07:58:20,747 - INFO - ✅ count - Train shape: (40000, 2000), Test shape: (10000, 2000)
2025-04-12 07:58:21,008 - INFO - 
🔎 Running feature extraction and model training loop...

2025-04-12 07:58:21,009 - INFO - 
🚀 Training CRF models...

2025-04-12 07:58:21,074 - INFO - 🖥️ Using device: cuda
2025-04-12 07:58:22,123 - INFO - 🔍 Tuning hyperparameters...
2025-04-12 09:20:00,429 - INFO - Epoch 1/30 - Train Loss: 31.5033, Val Loss: 22.9443
2025-04-12 09:24:04,095 - INFO - Epoch 2/30 - Train Loss: 19.6206, Val Loss: 15.6875
2025-04-12 09:28:09,432 - INFO - Epoch 3/30 - Train Loss: 13.9764, Val Loss: 11.2414
2025-04-12 09:32:15,866 - INFO - Epoch 4/30 - Train Loss: 10.2886, Val Loss: 8.3397
2025-04-12 09:36:19,747 - INFO - Epoch 5/30 - Train Loss: 7.6434, Val Loss: 9.8381
2025-04-12 09:40:24,157 - INFO - Epoch 6/30 - Train Loss: 6.0190, Val Loss: 5.3944
2025-04-12 09:44:30,332 - INFO - Epoch 7/30 - Train Loss: 4.7090, Val Loss: 4.5040
2025-04-12 09:48:37,359 - INFO - Epoch 8/30 - Train Loss: 3.7351, Val Loss: 3.0254
2025-04-12 09:52:44,397 - INFO - Epoch 9/30 - Train Loss: 2.9656, Val Loss: 3.5472
2025-04-12 09:56:48,697 - INFO - Epoch 10/30 - Train Loss: 2.4597, Val Loss: 1.9993
2025-04-12 10:00:52,561 - INFO - Epoch 11/30 - Train Loss: 1.9515, Val Loss: 1.8313
2025-04-12 10:04:57,225 - INFO - Epoch 12/30 - Train Loss: 1.8162, Val Loss: 2.1344
2025-04-12 10:09:00,780 - INFO - Epoch 13/30 - Train Loss: 1.5355, Val Loss: 1.2886
2025-04-12 10:13:06,300 - INFO - Epoch 14/30 - Train Loss: 1.3587, Val Loss: 2.5574
2025-04-12 10:17:09,023 - INFO - Epoch 15/30 - Train Loss: 1.2085, Val Loss: 1.0541
2025-04-12 10:21:12,424 - INFO - Epoch 16/30 - Train Loss: 1.1334, Val Loss: 2.4410
2025-04-12 10:25:15,779 - INFO - Epoch 17/30 - Train Loss: 1.0926, Val Loss: 1.5023
2025-04-12 10:29:20,915 - INFO - Epoch 18/30 - Train Loss: 1.0707, Val Loss: 0.8444
2025-04-12 10:33:24,848 - INFO - Epoch 19/30 - Train Loss: 0.9937, Val Loss: 0.7167
2025-04-12 10:37:28,916 - INFO - Epoch 20/30 - Train Loss: 0.8769, Val Loss: 0.8685
2025-04-12 10:41:32,350 - INFO - Epoch 21/30 - Train Loss: 0.8967, Val Loss: 1.2462
2025-04-12 10:45:35,645 - INFO - Epoch 22/30 - Train Loss: 0.8008, Val Loss: 0.7969
2025-04-12 10:49:39,220 - INFO - Epoch 23/30 - Train Loss: 0.8630, Val Loss: 1.5197
2025-04-12 10:53:43,675 - INFO - Epoch 24/30 - Train Loss: 0.8669, Val Loss: 1.3192
2025-04-12 10:57:47,689 - INFO - Epoch 25/30 - Train Loss: 0.8225, Val Loss: 1.1293
2025-04-12 11:01:50,958 - INFO - Epoch 26/30 - Train Loss: 0.7361, Val Loss: 0.9094
2025-04-12 11:05:54,208 - INFO - Epoch 27/30 - Train Loss: 0.7826, Val Loss: 0.7185
2025-04-12 11:09:59,674 - INFO - Epoch 28/30 - Train Loss: 0.8895, Val Loss: 0.7441
2025-04-12 11:14:06,425 - INFO - Epoch 29/30 - Train Loss: 0.8154, Val Loss: 0.6409
2025-04-12 11:18:12,344 - INFO - Epoch 30/30 - Train Loss: 0.8238, Val Loss: 0.6267
2025-04-12 11:23:24,121 - INFO - 
Classification Report:
               precision    recall  f1-score   support

    Negative       0.74      0.63      0.68      4938
    Positive       0.69      0.79      0.73      5062

    accuracy                           0.71     10000
   macro avg       0.71      0.71      0.71     10000
weighted avg       0.71      0.71      0.71     10000

2025-04-12 11:23:24,122 - INFO - 
✅ Test - Accuracy: 0.7092, Precision: 0.6853, Recall: 0.7868, F1: 0.7326, AUC: 0.7082
2025-04-12 11:23:24,465 - INFO - Already trained and tested model: CRF
