2025-03-31 10:13:14,404 - INFO - 
🔎 Running feature extraction...

2025-03-31 10:13:14,408 - INFO - 
🔍 Processing feature extraction using: count...
2025-03-31 10:13:15,594 - INFO - ✅ count - Train shape: (40000, 2000), Test shape: (10000, 2000)
2025-03-31 10:13:15,976 - INFO - 
🚀 Training Voting Classifier (soft) with feature method: count

2025-03-31 10:13:15,977 - INFO - 
🎯 Running K-Fold Cross-Validation...
2025-03-31 10:15:36,454 - INFO - 📊 Avg Accuracy: 0.7440
2025-03-31 10:15:36,456 - INFO - 📊 Avg ROC AUC: 0.7424
2025-03-31 10:15:36,456 - INFO - 📊 Avg F1 Score: 0.7615
2025-03-31 10:15:36,457 - INFO - 📊 Avg Precision: 0.7318
2025-03-31 10:15:36,458 - INFO - 📊 Avg Recall: 0.7939
2025-03-31 10:16:09,847 - INFO - 💾 Model saved to voting_model_multiple_lr.pkl
2025-03-31 10:16:10,083 - INFO - 📈 Performance plot saved to voting_model_multiple_lr_performance.png
2025-03-31 10:16:10,213 - INFO - 📉 Loss plot saved to voting_model_multiple_lr_loss.png
2025-03-31 10:16:11,025 - INFO - Accuracy: 0.7373
2025-03-31 10:16:11,029 - INFO - ROC AUC: 0.7356
2025-03-31 10:16:11,034 - INFO - F1 Score: 0.7568
2025-03-31 10:16:11,038 - INFO - Precision: 0.7232
2025-03-31 10:16:11,042 - INFO - Recall: 0.7938
2025-03-31 10:16:11,042 - INFO - 
📄 Classification Report:

2025-03-31 10:16:11,053 - INFO -               precision    recall  f1-score   support

         0.0       0.76      0.68      0.71      4850
         1.0       0.72      0.79      0.76      5150

    accuracy                           0.74     10000
   macro avg       0.74      0.74      0.74     10000
weighted avg       0.74      0.74      0.74     10000

2025-03-31 10:16:11,367 - INFO - 
🚀 Training Voting Classifier (soft) with feature method: count

2025-03-31 10:16:11,368 - INFO - 
🎯 Running K-Fold Cross-Validation...
2025-03-31 11:01:16,769 - INFO - 📊 Avg Accuracy: 0.7284
2025-03-31 11:01:16,770 - INFO - 📊 Avg ROC AUC: 0.7276
2025-03-31 11:01:16,772 - INFO - 📊 Avg F1 Score: 0.7408
2025-03-31 11:01:16,773 - INFO - 📊 Avg Precision: 0.7286
2025-03-31 11:01:16,773 - INFO - 📊 Avg Recall: 0.7539
2025-03-31 11:10:50,528 - INFO - 💾 Model saved to voting_model_all_models.pkl
2025-03-31 11:10:50,658 - INFO - 📈 Performance plot saved to voting_model_all_models_performance.png
2025-03-31 11:10:50,777 - INFO - 📉 Loss plot saved to voting_model_all_models_loss.png
2025-03-31 11:10:50,792 - INFO - ✅ Model loaded successfully from 'voting_model_all_models.pkl'
2025-03-31 11:10:51,861 - INFO - Accuracy: 0.7273
2025-03-31 11:10:51,865 - INFO - ROC AUC: 0.7263
2025-03-31 11:10:51,869 - INFO - F1 Score: 0.7415
2025-03-31 11:10:51,873 - INFO - Precision: 0.7244
2025-03-31 11:10:51,877 - INFO - Recall: 0.7594
2025-03-31 11:10:51,878 - INFO - 
📄 Classification Report:

2025-03-31 11:10:51,889 - INFO -               precision    recall  f1-score   support

         0.0       0.73      0.69      0.71      4850
         1.0       0.72      0.76      0.74      5150

    accuracy                           0.73     10000
   macro avg       0.73      0.73      0.73     10000
weighted avg       0.73      0.73      0.73     10000

2025-03-31 11:10:51,958 - INFO - 
🚀 Training Stacking Classifier with feature method: count

2025-03-31 11:10:51,959 - INFO - 
🎯 Running K-Fold Cross-Validation...
2025-03-31 11:16:21,870 - INFO - 📊 Avg Accuracy: 0.7429
2025-03-31 11:16:21,871 - INFO - 📊 Avg ROC AUC: 0.7417
2025-03-31 11:16:21,872 - INFO - 📊 Avg F1 Score: 0.7585
2025-03-31 11:16:21,873 - INFO - 📊 Avg Precision: 0.7347
2025-03-31 11:16:21,874 - INFO - 📊 Avg Recall: 0.7840
2025-03-31 11:17:46,231 - INFO - 💾 Model saved to stacking_model_multiple_lr.pkl
2025-03-31 11:17:46,365 - INFO - 📈 Performance plot saved to stacking_model_multiple_lr_performance.png
2025-03-31 11:17:46,494 - INFO - 📉 Loss plot saved to stacking_model_multiple_lr_loss.png
2025-03-31 11:17:46,899 - INFO - Accuracy: 0.7363
2025-03-31 11:17:46,903 - INFO - ROC AUC: 0.7348
2025-03-31 11:17:46,907 - INFO - F1 Score: 0.7539
2025-03-31 11:17:46,911 - INFO - Precision: 0.7258
2025-03-31 11:17:46,915 - INFO - Recall: 0.7843
2025-03-31 11:17:46,916 - INFO - 
📄 Classification Report:

2025-03-31 11:17:46,927 - INFO -               precision    recall  f1-score   support

         0.0       0.75      0.69      0.72      4850
         1.0       0.73      0.78      0.75      5150

    accuracy                           0.74     10000
   macro avg       0.74      0.73      0.73     10000
weighted avg       0.74      0.74      0.74     10000

2025-03-31 11:17:47,250 - INFO - 
🚀 Training Stacking Classifier with feature method: count

2025-03-31 11:17:47,251 - INFO - 
🎯 Running K-Fold Cross-Validation...
2025-03-31 16:20:32,004 - INFO - 📊 Avg Accuracy: 0.7467
2025-03-31 16:20:32,005 - INFO - 📊 Avg ROC AUC: 0.7455
2025-03-31 16:20:32,006 - INFO - 📊 Avg F1 Score: 0.7619
2025-03-31 16:20:32,007 - INFO - 📊 Avg Precision: 0.7384
2025-03-31 16:20:32,008 - INFO - 📊 Avg Recall: 0.7871
2025-03-31 17:25:16,199 - INFO - 💾 Model saved to stacking_model_selected_models.pkl
2025-03-31 17:25:16,361 - INFO - 📈 Performance plot saved to stacking_model_selected_models_performance.png
2025-03-31 17:25:16,500 - INFO - 📉 Loss plot saved to stacking_model_selected_models_loss.png
2025-03-31 17:25:17,310 - INFO - Accuracy: 0.7451
2025-03-31 17:25:17,315 - INFO - ROC AUC: 0.7431
2025-03-31 17:25:17,320 - INFO - F1 Score: 0.7657
2025-03-31 17:25:17,325 - INFO - Precision: 0.7270
2025-03-31 17:25:17,329 - INFO - Recall: 0.8087
2025-03-31 17:25:17,330 - INFO - 
📄 Classification Report:

2025-03-31 17:25:17,342 - INFO -               precision    recall  f1-score   support

         0.0       0.77      0.68      0.72      4850
         1.0       0.73      0.81      0.77      5150

    accuracy                           0.75     10000
   macro avg       0.75      0.74      0.74     10000
weighted avg       0.75      0.75      0.74     10000

