#####################################
Variance - Feature Selection Method
#####################################

class FeatureBuilder:
    ...
    
    def _apply_feature_selection(self, features, labels=None):
        if self.feature_selection == "variance":
            selector = VarianceThreshold(threshold=0.01)
            return selector.fit_transform(features)
        elif self.feature_selection == "chi2":
            assert labels is not None, "Chi-squared feature selection requires class labels"
            selector = SelectKBest(chi2, k=self.n_components)
            return selector.fit_transform(features, labels)
        elif self.feature_selection == "topic_modeling":
            lda = LatentDirichletAllocation(n_components=self.n_components, random_state=42)
            return lda.fit_transform(features)
        else:
            return features
    
    def transform(self, texts, labels=None):
        if self.method in ["tfidf", "count", "binary_count"]:
            # Transform the new data using the fitted vectorizer
            features = self.vectorizer.transform(texts).toarray()
            # return self._apply_reducer(features, labels)

        elif self.method == "word2vec":
            # Use the pre-trained Word2Vec model to generate embeddings
            word2vec_embeddings = []
            for doc in tqdm(texts, desc="Processing Word2Vec", unit="document"):
                word2vec_embeddings.append(self._get_word2vec_vector(doc))
            features = np.array(word2vec_embeddings)
            # return features

        elif self.method == "glove":
            # Similar process for GloVe embeddings
            glove_embeddings = []
            for doc in tqdm(texts, desc="Processing GloVe", unit="document"):
                glove_embeddings.append(self._get_glove_vector(doc))
            features = np.array(glove_embeddings)
            # return features

        elif self.method == "bert":
            # Use the pre-trained BERT model to generate embeddings
            bert_embeddings = []
            for doc in tqdm(texts, desc="Processing BERT", unit="document"):
                bert_embeddings.append(self._get_bert_embedding(doc))
            features = np.array(bert_embeddings)
            # return features
            
        # Optional feature selection
        features = self._apply_feature_selection(features, labels)

        # Apply dimensionality reduction if applicable
        # return self._apply_reducer(features, labels)
        if self.reduce_dim == "lda":
            assert labels is not None, "LDA requires class labels (y)."
            # features = self.vectorizer.transform(texts).toarray()
            self.reducer.fit(features, labels)
            return self.reducer.transform(features)
        elif self.reduce_dim == "pca":
            # features = self.vectorizer.transform(texts).toarray()
            self.reducer.fit(features)
            return self.reducer.transform(features)
        else:
            return features

Mô tả là mình vẫn perform thằng này như bình thường 
- đầu tiên mình sẽ build feature bằng Glove sau đó call method bên trên 
- nó sẽ chọn ra các feature có độ tương quan cao nhất với nhãn
- sau đó nó sẽ trả về các feature đã được chọn
- mình sẽ dùng các feature này để train model

cách mình train 1 model vẫn như cũ nên bây xem lại:
- hyperparameters
- cross-validation
- loss plot
- save model

Ví dụ tụi m mô tả hết khúc bên trên xong, xong tụi m nói là sau khi làm như thế, mình sẽ chạy thử nghiệm
với các model và các cách tạo feature sau: 
- DT 
- LDA 
- LogReg 
- MLP 
- Perceptron 
- RF 
- SVM 
- XGB
=> mỗi model có 1 cách tạo feature là Glove
nên tụi m ghi là DT-glove, DT-TFIDF, ...

Sau cùng, tụi m kẻ cho t một cái bảng (tuừng hàng là từng model)
--> nghĩa là tổng cộng sẽ có 9 dòng
-> mỗi dòng sẽ có các cột là các thông số như sau: Accuracy, Precision, Recall, F1 Score, ROC AUC

==> ứng từng cột, thằng nào là giá trị cao nhất của cột tụi m \textbf \underline dùm t 

#####################################################################
PERCEPTRON 
#####################################################################
----------------------------------------------------------------------
PERFORMANCE METRICS DURING TRAINING 
----------------------------------------------------------------------

2025-04-01 01:29:58,706 - INFO - 
🚀 Training perceptron models...

2025-04-01 01:29:58,707 - INFO - 🔎 Training with Method: glove...
2025-04-01 01:29:58,708 - INFO - 🚀 Training new model: Perceptron...
2025-04-01 01:30:40,789 - INFO - Best hyperparameters: {'alpha': 0.0001, 'eta0': 0.01, 'max_iter': 1000, 'penalty': None, 'tol': 0.0001}
2025-04-01 01:30:40,790 - INFO - 
🎯 Running K-Fold Cross-Validation...
2025-04-01 01:30:41,141 - INFO - 📊 Average Accuracy: 62%
2025-04-01 01:30:41,142 - INFO - 📊 Average ROC AUC: 62%
2025-04-01 01:30:41,143 - INFO - 📊 Average F1 Score: 62%
2025-04-01 01:30:41,144 - INFO - 📊 Average Precision: 65%
2025-04-01 01:30:41,145 - INFO - 📊 Average Recall: 64%
----------------------------------------------------------------------
PERFORMANCE METRICS OF TESTING 
- lúc trình bày trong report LATEX thì bỏ cột support đi nha
----------------------------------------------------------------------

2025-04-01 01:53:37,529 - INFO - 🔎 Predicting with Model: perceptron, Method: glove...
2025-04-01 01:53:37,550 - INFO - Model: perceptron
2025-04-01 01:53:37,550 - INFO - Method: glove
2025-04-01 01:53:37,551 - INFO - --------------------------------------------------
2025-04-01 01:53:37,552 - INFO - Accuracy: 0.6450
2025-04-01 01:53:37,554 - INFO - Precision: 0.6615
2025-04-01 01:53:37,554 - INFO - Recall: 0.6259
2025-04-01 01:53:37,555 - INFO - F1 Score: 0.6432
2025-04-01 01:53:37,556 - INFO - ROC AUC: 0.7023344630719301

#####################################################################
MLP
#####################################################################
----------------------------------------------------------------------
PERFORMANCE METRICS DURING TRAINING 
----------------------------------------------------------------------

🚀 Training mlp models...

2025-04-01 01:30:41,564 - INFO - 🔎 Training with Method: glove...
2025-04-01 01:30:41,566 - INFO - 🚀 Training new model: MLPClassifier...
2025-04-01 01:45:38,170 - INFO - Best hyperparameters: {'activation': 'logistic', 'alpha': 0.01, 'batch_size': 32, 'hidden_layer_sizes': (100,), 'max_iter': 1000, 'solver': 'sgd'}
2025-04-01 01:45:38,171 - INFO - 
🎯 Running K-Fold Cross-Validation...
2025-04-01 01:48:11,542 - INFO - 📊 Average Accuracy: 70%
2025-04-01 01:48:11,543 - INFO - 📊 Average ROC AUC: 70%
2025-04-01 01:48:11,546 - INFO - 📊 Average F1 Score: 71%
2025-04-01 01:48:11,547 - INFO - 📊 Average Precision: 69%
2025-04-01 01:48:11,548 - INFO - 📊 Average Recall: 73%

----------------------------------------------------------------------
PERFORMANCE METRICS OF TESTING 
- lúc trình bày trong report LATEX thì bỏ cột support đi nha
----------------------------------------------------------------------

2025-04-01 01:53:37,566 - INFO - 🔎 Predicting with Model: mlp, Method: glove...
2025-04-01 01:53:37,596 - INFO - Model: mlp
2025-04-01 01:53:37,596 - INFO - Method: glove
2025-04-01 01:53:37,597 - INFO - --------------------------------------------------
2025-04-01 01:53:37,598 - INFO - Accuracy: 0.6975
2025-04-01 01:53:37,599 - INFO - Precision: 0.7047
2025-04-01 01:53:37,600 - INFO - Recall: 0.7029
2025-04-01 01:53:37,601 - INFO - F1 Score: 0.7038
2025-04-01 01:53:37,602 - INFO - ROC AUC: 0.7657587591218055

#####################################################################
SVM
#####################################################################
----------------------------------------------------------------------
PERFORMANCE METRICS DURING TRAINING 
----------------------------------------------------------------------

🚀 Training svm models...

2025-04-01 01:51:35,435 - INFO - 🔎 Training with Method: glove...
2025-04-01 01:51:35,437 - INFO - 🚀 Training new model: SVC...
2025-04-01 01:52:50,718 - INFO - Best hyperparameters: {'C': 0.1, 'gamma': 'scale', 'kernel': 'linear'}
2025-04-01 01:52:50,720 - INFO - 
🎯 Running K-Fold Cross-Validation...
2025-04-01 01:53:18,914 - INFO - 📊 Average Accuracy: 70%
2025-04-01 01:53:18,915 - INFO - 📊 Average ROC AUC: 70%
2025-04-01 01:53:18,915 - INFO - 📊 Average F1 Score: 71%
2025-04-01 01:53:18,916 - INFO - 📊 Average Precision: 70%
2025-04-01 01:53:18,917 - INFO - 📊 Average Recall: 73%

----------------------------------------------------------------------
PERFORMANCE METRICS OF TESTING 
- lúc trình bày trong report LATEX thì bỏ cột support đi nha
----------------------------------------------------------------------

2025-04-01 01:53:37,613 - INFO - 🔎 Predicting with Model: svm, Method: glove...
2025-04-01 01:53:39,109 - INFO - Model: svm
2025-04-01 01:53:39,110 - INFO - Method: glove
2025-04-01 01:53:39,111 - INFO - --------------------------------------------------
2025-04-01 01:53:39,112 - INFO - Accuracy: 0.6919
2025-04-01 01:53:39,114 - INFO - Precision: 0.6946
2025-04-01 01:53:39,115 - INFO - Recall: 0.7090
2025-04-01 01:53:39,115 - INFO - F1 Score: 0.7018
2025-04-01 01:53:39,116 - INFO - ROC AUC: 0.7595649985305062

#####################################################################
LDA
#####################################################################
----------------------------------------------------------------------
PERFORMANCE METRICS DURING TRAINING 
----------------------------------------------------------------------

🚀 Training lda models...

2025-04-01 01:53:23,461 - INFO - 🔎 Training with Method: glove...
2025-04-01 01:53:23,462 - INFO - 🚀 Training new model: LinearDiscriminantAnalysis...
2025-04-01 01:53:31,683 - INFO - Best hyperparameters: {'shrinkage': 'auto', 'solver': 'lsqr', 'tol': 0.0001}
2025-04-01 01:53:31,684 - INFO - 
🎯 Running K-Fold Cross-Validation...
2025-04-01 01:53:32,504 - INFO - 📊 Average Accuracy: 69%
2025-04-01 01:53:32,505 - INFO - 📊 Average ROC AUC: 69%
2025-04-01 01:53:32,506 - INFO - 📊 Average F1 Score: 71%
2025-04-01 01:53:32,506 - INFO - 📊 Average Precision: 70%
2025-04-01 01:53:32,507 - INFO - 📊 Average Recall: 72%

----------------------------------------------------------------------
PERFORMANCE METRICS OF TESTING 
- lúc trình bày trong report LATEX thì bỏ cột support đi nha
----------------------------------------------------------------------

2025-04-01 01:53:39,127 - INFO - 🔎 Predicting with Model: lda, Method: glove...
2025-04-01 01:53:39,148 - INFO - Model: lda
2025-04-01 01:53:39,148 - INFO - Method: glove
2025-04-01 01:53:39,150 - INFO - --------------------------------------------------
2025-04-01 01:53:39,150 - INFO - Accuracy: 0.6881
2025-04-01 01:53:39,151 - INFO - Precision: 0.6888
2025-04-01 01:53:39,151 - INFO - Recall: 0.7115
2025-04-01 01:53:39,152 - INFO - F1 Score: 0.6999
2025-04-01 01:53:39,153 - INFO - ROC AUC: 0.7591319668081966

#####################################################################
DECISION TREE
#####################################################################
----------------------------------------------------------------------
PERFORMANCE METRICS DURING TRAINING 
----------------------------------------------------------------------

2025-03-29 04:12:58,356 - INFO - 
🚀 Training decision_tree models...

2025-03-29 04:14:06,430 - INFO - 🔎 Training with Method: glove...
2025-03-29 04:14:06,430 - INFO - 🚀 Training new model: DecisionTreeClassifier...
2025-03-29 04:33:57,181 - INFO - Best hyperparameters: {'criterion': 'entropy', 'max_depth': 10, 'max_features': 'sqrt', 'min_samples_leaf': 1, 'min_samples_split': 5}
2025-03-29 04:33:57,183 - INFO - 
🎯 Running K-Fold Cross-Validation...
2025-03-29 04:34:06,792 - INFO - 📊 Average Accuracy: 60%
2025-03-29 04:34:06,793 - INFO - 📊 Average ROC AUC: 60%
2025-03-29 04:34:06,793 - INFO - 📊 Average F1 Score: 62%
2025-03-29 04:34:06,794 - INFO - 📊 Average Precision: 61%
2025-03-29 04:34:06,796 - INFO - 📊 Average Recall: 62%

----------------------------------------------------------------------
PERFORMANCE METRICS OF TESTING 
- lúc trình bày trong report LATEX thì bỏ cột support đi nha
----------------------------------------------------------------------

2025-03-29 09:43:14,442 - INFO - Model: decision_tree
2025-03-29 09:43:14,442 - INFO - Method: glove
2025-03-29 09:43:14,443 - INFO - --------------------------------------------------
2025-03-29 09:43:14,444 - INFO - Accuracy: 0.6124
2025-03-29 09:43:14,444 - INFO - Precision: 0.6215
2025-03-29 09:43:14,445 - INFO - Recall: 0.6286
2025-03-29 09:43:14,446 - INFO - F1 Score: 0.6250
2025-03-29 09:43:14,446 - INFO - ROC AUC: 0.6528384764345836

#####################################################################
RANDOM FOREST
#####################################################################
----------------------------------------------------------------------
PERFORMANCE METRICS DURING TRAINING 
----------------------------------------------------------------------

🚀 Training random_forest models...

2025-03-29 04:35:45,062 - INFO - 🔎 Training with Method: glove...
2025-03-29 04:35:45,063 - INFO - 🚀 Training new model: RandomForestClassifier...
2025-03-29 05:20:23,166 - INFO - Best hyperparameters: {'max_depth': 10, 'max_features': 'sqrt', 'min_samples_leaf': 1, 'min_samples_split': 5, 'n_estimators': 100}
2025-03-29 05:20:23,167 - INFO - 
🎯 Running K-Fold Cross-Validation...
2025-03-29 05:27:43,169 - INFO - 📊 Average Accuracy: 69%
2025-03-29 05:27:43,170 - INFO - 📊 Average ROC AUC: 69%
2025-03-29 05:27:43,171 - INFO - 📊 Average F1 Score: 70%
2025-03-29 05:27:43,172 - INFO - 📊 Average Precision: 69%
2025-03-29 05:27:43,173 - INFO - 📊 Average Recall: 72%

----------------------------------------------------------------------
PERFORMANCE METRICS OF TESTING 
- lúc trình bày trong report LATEX thì bỏ cột support đi nha
----------------------------------------------------------------------

2025-03-29 09:43:15,275 - INFO - Model: random_forest
2025-03-29 09:43:15,276 - INFO - Method: glove
2025-03-29 09:43:15,277 - INFO - --------------------------------------------------
2025-03-29 09:43:15,278 - INFO - Accuracy: 0.6901
2025-03-29 09:43:15,279 - INFO - Precision: 0.6876
2025-03-29 09:43:15,280 - INFO - Recall: 0.7274
2025-03-29 09:43:15,281 - INFO - F1 Score: 0.7069
2025-03-29 09:43:15,283 - INFO - ROC AUC: 0.764926680592752

#####################################################################
XGBOOST
#####################################################################
----------------------------------------------------------------------
PERFORMANCE METRICS DURING TRAINING 
----------------------------------------------------------------------

🚀 Training xgboost models...

2025-03-29 05:30:56,138 - INFO - 🔎 Training with Method: glove...
2025-03-29 05:30:56,139 - INFO - 🚀 Training new model: XGBClassifier...
2025-03-29 09:27:00,665 - INFO - Best hyperparameters: {'learning_rate': 0.1, 'max_depth': 10, 'n_estimators': 150}
2025-03-29 09:27:00,666 - INFO - 
🎯 Running K-Fold Cross-Validation...
2025-03-29 09:35:09,201 - INFO - 📊 Average Accuracy: 71%
2025-03-29 09:35:09,202 - INFO - 📊 Average ROC AUC: 71%
2025-03-29 09:35:09,202 - INFO - 📊 Average F1 Score: 72%
2025-03-29 09:35:09,204 - INFO - 📊 Average Precision: 71%
2025-03-29 09:35:09,205 - INFO - 📊 Average Recall: 73%

----------------------------------------------------------------------
PERFORMANCE METRICS OF TESTING 
- lúc trình bày trong report LATEX thì bỏ cột support đi nha
----------------------------------------------------------------------

2025-03-29 09:43:15,344 - INFO - 🔎 Predicting with Model: xgboost, Method: glove...
2025-03-29 09:43:15,676 - INFO - Model: xgboost
2025-03-29 09:43:15,677 - INFO - Method: glove
2025-03-29 09:43:15,678 - INFO - --------------------------------------------------
2025-03-29 09:43:15,679 - INFO - Accuracy: 0.7198
2025-03-29 09:43:15,680 - INFO - Precision: 0.7197
2025-03-29 09:43:15,681 - INFO - Recall: 0.7449
2025-03-29 09:43:15,682 - INFO - F1 Score: 0.7321
2025-03-29 09:43:15,683 - INFO - ROC AUC: 0.7939442755031508

#####################################################################
GAUSSIAN NAIVE BAYES
#####################################################################
----------------------------------------------------------------------
PERFORMANCE METRICS DURING TRAINING 
----------------------------------------------------------------------

🚀 Training bayesian models...

2025-03-29 09:37:15,734 - INFO - 🔎 Training with Method: glove...
2025-03-29 09:37:15,734 - INFO - 🚀 Training new model: GaussianNB...
2025-03-29 09:38:01,788 - INFO - Best hyperparameters: {'priors': [0.05, 0.95], 'var_smoothing': 1e-09}
2025-03-29 09:38:01,789 - INFO - 
🎯 Running K-Fold Cross-Validation...
2025-03-29 09:38:05,703 - INFO - 📊 Average Accuracy: 61%
2025-03-29 09:38:05,705 - INFO - 📊 Average ROC AUC: 62%
2025-03-29 09:38:05,706 - INFO - 📊 Average F1 Score: 61%
2025-03-29 09:38:05,707 - INFO - 📊 Average Precision: 63%
2025-03-29 09:38:05,707 - INFO - 📊 Average Recall: 60%

----------------------------------------------------------------------
PERFORMANCE METRICS OF TESTING 
- lúc trình bày trong report LATEX thì bỏ cột support đi nha
----------------------------------------------------------------------

2025-03-29 09:43:15,730 - INFO - 🔎 Predicting with Model: bayesian, Method: glove...
2025-03-29 09:43:15,896 - INFO - Model: bayesian
2025-03-29 09:43:15,897 - INFO - Method: glove
2025-03-29 09:43:15,898 - INFO - --------------------------------------------------
2025-03-29 09:43:15,898 - INFO - Accuracy: 0.6221
2025-03-29 09:43:15,900 - INFO - Precision: 0.6403
2025-03-29 09:43:15,900 - INFO - Recall: 0.6039
2025-03-29 09:43:15,901 - INFO - F1 Score: 0.6216
2025-03-29 09:43:15,902 - INFO - ROC AUC: 0.6706659953115426

#####################################################################
LOGISTIC REGRESSION
#####################################################################
----------------------------------------------------------------------
PERFORMANCE METRICS DURING TRAINING 
----------------------------------------------------------------------

🚀 Training logistic_regression models...

2025-03-29 09:38:27,425 - INFO - 🔎 Training with Method: glove...
2025-03-29 09:38:27,426 - INFO - 🚀 Training new model: LogisticRegression...
2025-03-29 09:42:43,860 - INFO - Best hyperparameters: {'C': 1.0, 'max_iter': 1000, 'penalty': 'l2'}
2025-03-29 09:42:43,861 - INFO - 
🎯 Running K-Fold Cross-Validation...
2025-03-29 09:43:04,702 - INFO - 📊 Average Accuracy: 71%
2025-03-29 09:43:04,703 - INFO - 📊 Average ROC AUC: 71%
2025-03-29 09:43:04,703 - INFO - 📊 Average F1 Score: 72%
2025-03-29 09:43:04,704 - INFO - 📊 Average Precision: 71%
2025-03-29 09:43:04,705 - INFO - 📊 Average Recall: 73%

----------------------------------------------------------------------
PERFORMANCE METRICS OF TESTING 
- lúc trình bày trong report LATEX thì bỏ cột support đi nha
----------------------------------------------------------------------

2025-03-29 09:43:15,952 - INFO - 🔎 Predicting with Model: logistic_regression, Method: glove...
2025-03-29 09:43:16,021 - INFO - Model: logistic_regression
2025-03-29 09:43:16,022 - INFO - Method: glove
2025-03-29 09:43:16,023 - INFO - --------------------------------------------------
2025-03-29 09:43:16,023 - INFO - Accuracy: 0.7147
2025-03-29 09:43:16,024 - INFO - Precision: 0.7134
2025-03-29 09:43:16,025 - INFO - Recall: 0.7434
2025-03-29 09:43:16,026 - INFO - F1 Score: 0.7281
2025-03-29 09:43:16,026 - INFO - ROC AUC: 0.7875720461552945

----------------------------------------------------------------------
